Archive member included to satisfy reference by file (symbol)

./build/open_esplibs_libmain.a(ets_timer.o)
                              (--whole-archive)
./build/open_esplibs_libmain.a(misc.o)
                              (--whole-archive)
./build/open_esplibs_libmain.a(os_cpu_a.o)
                              (--whole-archive)
./build/open_esplibs_libmain.a(spi_flash.o)
                              (--whole-archive)
./build/open_esplibs_libmain.a(timers.o)
                              (--whole-archive)
./build/open_esplibs_libmain.a(uart.o)
                              (--whole-archive)
./build/open_esplibs_libmain.a(user_interface.o)
                              (--whole-archive)
./build/open_esplibs_libmain.a(xtensa_context.o)
                              (--whole-archive)
./build/open_esplibs_libnet80211.a(ieee80211_ets.o)
                              (--whole-archive)
./build/open_esplibs_libnet80211.a(ieee80211_hostap.o)
                              (--whole-archive)
./build/open_esplibs_libnet80211.a(ieee80211_input.o)
                              (--whole-archive)
./build/open_esplibs_libnet80211.a(ieee80211_sta.o)
                              (--whole-archive)
./build/open_esplibs_libnet80211.a(wl_cnx.o)
                              (--whole-archive)
./build/open_esplibs_libphy.a(phy.o)
                              (--whole-archive)
./build/open_esplibs_libphy.a(phy_chip_v6.o)
                              (--whole-archive)
./build/open_esplibs_libphy.a(phy_sleep.o)
                              (--whole-archive)
./build/open_esplibs_libpp.a(esf_buf.o)
                              (--whole-archive)
./build/open_esplibs_libpp.a(if_hwctrl.o)
                              (--whole-archive)
./build/open_esplibs_libpp.a(lmac.o)
                              (--whole-archive)
./build/open_esplibs_libpp.a(pm.o)
                              (--whole-archive)
./build/open_esplibs_libpp.a(pp.o)
                              (--whole-archive)
./build/open_esplibs_libpp.a(wdev.o)
                              (--whole-archive)
./build/open_esplibs_libwpa.a(os_xtensa.o)
                              (--whole-archive)
./build/open_esplibs_libwpa.a(wpa_main.o)
                              (--whole-archive)
./build/freertos.a(tasks.o)   ./build/open_esplibs_libmain.a(os_cpu_a.o) (pxCurrentTCB)
./build/freertos.a(timers.o)  ./build/freertos.a(tasks.o) (xTimerCreateTimerTask)
./build/freertos.a(port.o)    ./build/freertos.a(tasks.o) (vAssertCalled)
./build/freertos.a(list.o)    ./build/freertos.a(tasks.o) (vListInitialise)
./build/freertos.a(queue.o)   ./build/freertos.a(timers.o) (xQueueGenericCreate)
./build/lwip.a(esp_interface.o)
                              ./build/open_esplibs_libnet80211.a(ieee80211_input.o) (ethernetif_input)
./build/lwip.a(sys_arch.o)    ./build/open_esplibs_libmain.a(user_interface.o) (sys_lock_tcpip_core)
./build/lwip.a(tcpip.o)       ./build/open_esplibs_libnet80211.a(ieee80211_hostap.o) (tcpip_input)
./build/lwip.a(def.o)         ./build/lwip.a(esp_interface.o) (lwip_htons)
./build/lwip.a(init.o)        ./build/lwip.a(tcpip.o) (lwip_init)
./build/lwip.a(mem.o)         ./build/lwip.a(init.o) (mem_init)
./build/lwip.a(memp.o)        ./build/lwip.a(init.o) (memp_init)
./build/lwip.a(netif.o)       ./build/lwip.a(init.o) (netif_init)
./build/lwip.a(pbuf.o)        ./build/open_esplibs_libnet80211.a(ieee80211_input.o) (pbuf_alloc_reference)
./build/lwip.a(tcp.o)         ./build/lwip.a(init.o) (tcp_init)
./build/lwip.a(tcp_in.o)      ./build/lwip.a(tcp.o) (tcp_input_pcb)
./build/lwip.a(tcp_out.o)     ./build/lwip.a(tcp.o) (tcp_split_unsent_seg)
./build/lwip.a(timeouts.o)    ./build/lwip.a(init.o) (sys_timeouts_init)
./build/lwip.a(udp.o)         ./build/lwip.a(init.o) (udp_init)
./build/lwip.a(dhcp.o)        ./build/lwip.a(netif.o) (dhcp_network_changed)
./build/lwip.a(etharp.o)      ./build/lwip.a(netif.o) (etharp_cleanup_netif)
./build/lwip.a(icmp.o)        ./build/lwip.a(udp.o) (icmp_dest_unreach)
./build/lwip.a(igmp.o)        ./build/lwip.a(init.o) (igmp_init)
./build/lwip.a(ip4.o)         ./build/lwip.a(tcp.o) (ip4_route)
./build/lwip.a(ip4_addr.o)    ./build/lwip.a(tcp_in.o) (ip4_addr_isbroadcast_u32)
./build/lwip.a(ip4_frag.o)    ./build/lwip.a(timeouts.o) (ip_reass_tmr)
./build/lwip.a(ethernet.o)    ./build/lwip.a(etharp.o) (ethbroadcast)
./build/lwip.a(dns.o)         ./build/lwip.a(init.o) (dns_init)
./build/lwip.a(inet_chksum.o)
                              ./build/lwip.a(tcp_in.o) (ip_chksum_pseudo)
./build/lwip.a(ip.o)          ./build/lwip.a(tcp_in.o) (ip_data)
./build/core.a(app_main.o)    ./build/open_esplibs_libmain.a(user_interface.o) (sdk_user_init_flag)
./build/core.a(debug_dumps.o)
                              ./build/freertos.a(port.o) (abort)
./build/core.a(esp_hwrand.o)  ./build/lwip.a(tcp.o) (hwrand)
./build/core.a(esp_interrupts.o)
                              ./build/open_esplibs_libmain.a(ets_timer.o) (_xt_isr_attach)
[...]
Memory Configuration

Name             Origin             Length             Attributes
dport0_0_seg     0x000000003ff00000 0x0000000000000010
dram0_0_seg      0x000000003ffe8000 0x0000000000014000
iram1_0_seg      0x0000000040100000 0x0000000000008000
irom0_0_seg      0x0000000040202010 0x00000000000fdff0
*default*        0x0000000000000000 0xffffffffffffffff

Linker script and memory map

LOAD ./build/open_esplibs_libmain.a
LOAD ./build/open_esplibs_libnet80211.a
LOAD ./build/open_esplibs_libphy.a
LOAD ./build/open_esplibs_libpp.a
LOAD ./build/open_esplibs_libwpa.a
START GROUP
LOAD ./build/program.a
LOAD ./build/dhcpserver.a
LOAD ./build/http-parser.a
LOAD ./build/wifi_config.a
LOAD ./build/freertos.a
LOAD ./build/lwip.a
LOAD ./build/core.a
LOAD ./build/open_esplibs.a
LOAD ./build/libgcc.a
LOAD ./build/libc.a
LOAD /Volumes/case-sensitive/esp-open-sdk/xtensa-lx106-elf/xtensa-lx106-elf/sysroot/usr/lib/libhal.a
LOAD ./build/sdklib/libmain.a
LOAD ./build/sdklib/libnet80211.a
LOAD ./build/sdklib/libphy.a
LOAD ./build/sdklib/libpp.a
LOAD ./build/sdklib/libwpa.a
END GROUP
                0x0000000040105830                pvPortMalloc = malloc
                0x000000004010584c                vPortFree = free
                0x0000000040105b48                ets_printf = printf
                [!provide]                        PROVIDE (_memmap_vecbase_reset, 0x40000000)
                0x0000000000000110                _memmap_cacheattr_wb_base = 0x110
                0x0000000000000110                _memmap_cacheattr_wt_base = 0x110
                0x0000000000000220                _memmap_cacheattr_bp_base = 0x220
                0x00000000fffff00f                _memmap_cacheattr_unused_mask = 0xfffff00f
                0x000000002222211f                _memmap_cacheattr_wb_trapnull = 0x2222211f
                0x000000002222211f                _memmap_cacheattr_wba_trapnull = 0x2222211f
                0x000000002222211f                _memmap_cacheattr_wbna_trapnull = 0x2222211f
                0x000000002222211f                _memmap_cacheattr_wt_trapnull = 0x2222211f
                0x000000002222222f                _memmap_cacheattr_bp_trapnull = 0x2222222f
                0x00000000fffff11f                _memmap_cacheattr_wb_strict = 0xfffff11f
                0x00000000fffff11f                _memmap_cacheattr_wt_strict = 0xfffff11f
                0x00000000fffff22f                _memmap_cacheattr_bp_strict = 0xfffff22f
                0x0000000022222112                _memmap_cacheattr_wb_allvalid = 0x22222112
                0x0000000022222112                _memmap_cacheattr_wt_allvalid = 0x22222112
                0x0000000022222222                _memmap_cacheattr_bp_allvalid = 0x22222222
                [!provide]                        PROVIDE (_memmap_cacheattr_reset, _memmap_cacheattr_wb_trapnull)

.dport0.rodata  0x000000003ff00000        0x0
                0x000000003ff00000                _dport0_rodata_start = ABSOLUTE (.)
 *(.dport0.rodata)
 *(.dport.rodata)
                0x000000003ff00000                _dport0_rodata_end = ABSOLUTE (.)

.dport0.literal
                0x000000003ff00000        0x0
                0x000000003ff00000                _dport0_literal_start = ABSOLUTE (.)
 *(.dport0.literal)
 *(.dport.literal)
                0x000000003ff00000                _dport0_literal_end = ABSOLUTE (.)

.dport0.data    0x000000003ff00000        0x0
                0x000000003ff00000                _dport0_data_start = ABSOLUTE (.)
 *(.dport0.data)
 *(.dport.data)
                0x000000003ff00000                _dport0_data_end = ABSOLUTE (.)

.text           0x0000000040100000     0x69fe
                0x0000000040100000                _stext = .
                0x0000000040100000                _text_start = ABSOLUTE (.)
                0x0000000040100000                . = ALIGN (0x10)
 *(.vecbase.text)
 .vecbase.text  0x0000000040100000      0x3b2 ./build/core.a(exception_vectors.o)
                0x0000000040100000                VecBase
                0x000000004010023c                call_user_start
                0x000000004010039e                _xt_user_exit
 *(.entry.text)
 *(.init.literal)
 *(.init)
 *(.iram1.*)
 *fill*         0x00000000401003b2        0x2 
 .iram1.text    0x00000000401003b4       0x4b ./build/open_esplibs_libmain.a(ets_timer.o)
                                         0x4f (size before relaxing)
 *fill*         0x00000000401003ff        0x1 
 .iram1.text    0x0000000040100400        0xb ./build/open_esplibs_libmain.a(misc.o)
                0x0000000040100404                sdk_os_get_cpu_frequency
 *fill*         0x000000004010040b        0x1 
 .iram1.text    0x000000004010040c      0x129 ./build/open_esplibs_libmain.a(os_cpu_a.o)
                                        0x175 (size before relaxing)
                0x000000004010040c                vPortYield
                0x0000000040100444                sdk__xt_int_enter
                0x000000004010045c                sdk__xt_int_exit
                0x000000004010048c                sdk__xt_timer_int
                0x00000000401004c8                sdk__xt_timer_int1
                0x00000000401004dc                sdk__xt_tick_timer_init
                0x0000000040100508                sdk__xt_isr_unmask
                0x0000000040100518                sdk__xt_isr_mask
                0x0000000040100528                sdk__xt_read_ints
                0x0000000040100530                sdk__xt_clear_ints
 *fill*         0x0000000040100535        0x3 
 .iram1.text    0x0000000040100538      0x3a8 ./build/open_esplibs_libmain.a(spi_flash.o)
                                        0x478 (size before relaxing)
                0x0000000040100560                sdk_SPIReadModeCnfig
                0x00000000401005e0                sdk_SPIWrite
                0x00000000401006a0                sdk_SPIRead
                0x00000000401006d0                sdk_SPIEraseSector
                0x0000000040100730                sdk_spi_flash_get_id
                0x000000004010078c                sdk_spi_flash_read_status
                0x00000000401007cc                sdk_spi_flash_write_status
                0x0000000040100808                sdk_spi_flash_erase_sector
                0x000000004010083c                sdk_spi_flash_write
                0x000000004010088c                sdk_spi_flash_read
 .iram1.text    0x00000000401008e0      0x1cd ./build/open_esplibs_libmain.a(user_interface.o)
                                        0x1e8 (size before relaxing)
                0x00000000401008e4                sdk_system_rtc_mem_write
                0x0000000040100948                sdk_system_rtc_mem_read
                0x00000000401009bc                sdk_system_restart_in_nmi
 *fill*         0x0000000040100aad        0x3 
 .iram1.text    0x0000000040100ab0      0x1c2 ./build/open_esplibs_libnet80211.a(ieee80211_hostap.o)
                                        0x1d6 (size before relaxing)
 *fill*         0x0000000040100c72        0x2 
 .iram1.text    0x0000000040100c74       0x59 ./build/open_esplibs_libnet80211.a(ieee80211_input.o)
                0x0000000040100c80                sdk_ieee80211_deliver_data
 *fill*         0x0000000040100ccd        0x3 
 .iram1.text    0x0000000040100cd0       0x5c ./build/open_esplibs_libwpa.a(os_xtensa.o)
                                         0x68 (size before relaxing)
                0x0000000040100cd0                sdk_os_get_time
                0x0000000040100cd4                sdk_os_random
                0x0000000040100ce4                sdk_os_get_random
 .iram1.text    0x0000000040100d2c       0xdb ./build/freertos.a(port.o)
                                        0x103 (size before relaxing)
                0x0000000040100d34                SV_ISR
                0x0000000040100d7c                vPortEnterCritical
                0x0000000040100da4                vPortExitCritical
                0x0000000040100dd0                PendSV
 *fill*         0x0000000040100e07        0x1 
 .iram1.text    0x0000000040100e08      0x313 ./build/core.a(app_main.o)
                                        0x363 (size before relaxing)
                0x0000000040100e30                vApplicationStackOverflowHook
                0x0000000040100e5c                vApplicationIdleHook
                0x0000000040100e80                vApplicationTickHook
                0x0000000040100f04                sdk_user_start
 *fill*         0x000000004010111b        0x1 
 .iram1.text    0x000000004010111c       0xa0 ./build/core.a(debug_dumps.o)
                                         0xb8 (size before relaxing)
                0x000000004010117c                debug_exception_handler
                0x000000004010117c                fatal_exception_handler
                0x000000004010119c                abort
 .iram1.text    0x00000000401011bc        0xe ./build/core.a(esp_hwrand.o)
                                         0x12 (size before relaxing)
                0x00000000401011bc                hwrand
 *fill*         0x00000000401011ca        0x2 
 .iram1.text    0x00000000401011cc       0xaa ./build/core.a(esp_interrupts.o)
                                         0xae (size before relaxing)
                0x00000000401011d0                _xt_isr_attach
                0x00000000401011e4                _xt_isr_handler
 *fill*         0x0000000040101276        0x2 
 .iram1.text    0x0000000040101278       0x34 ./build/core.a(newlib_syscalls.o)
                0x0000000040101284                _sbrk_r
 .iram1.text    0x00000000401012ac       0x1b ./build/core.a(sdk_compat.o)
                0x00000000401012b0                zalloc
 *fill*         0x00000000401012c7        0x1 
 .iram1.text    0x00000000401012c8       0x67 ./build/core.a(spiflash-cache-enable.o)
                                         0x7b (size before relaxing)
                0x00000000401012d8                Cache_Read_Enable
 *fill*         0x000000004010132f        0x1 
 .iram1.text    0x0000000040101330      0x36b ./build/core.a(spiflash.o)
                                        0x41b (size before relaxing)
                0x0000000040101454                spiflash_write
                0x0000000040101530                spiflash_read
                0x0000000040101628                spiflash_erase_sector
 *fill*         0x000000004010169b        0x0 
 *fill*         0x000000004010169b        0x0 
 *fill*         0x000000004010169b        0x0 
 *fill*         0x000000004010169b        0x1 
 .iram1.text    0x000000004010169c       0x3d ./build/open_esplibs_libmain.a(xtensa_context.o)
                0x000000004010169c                sdk__xt_context_save
                0x00000000401016b8                sdk__xt_context_restore
 *fill*         0x00000000401016d9        0x0 
 *fill*         0x00000000401016d9        0x0 
 *fill*         0x00000000401016d9        0x0 
 *fill*         0x00000000401016d9        0x0 
 *fill*         0x00000000401016d9        0x3 
 .iram1.data    0x00000000401016dc        0x4 ./build/core.a(debug_dumps.o)
 *fill*         0x00000000401016e0        0x0 
 *fill*         0x00000000401016e0        0x0 
 *fill*         0x00000000401016e0        0x0 
 *fill*         0x00000000401016e0        0x0 
 *sdklib*:*(.literal .text .literal.* .text.*)
 .text          0x00000000401016e0        0xb ./build/sdklib/libnet80211.a(wl_chm.o)
                0x00000000401016e4                sdk_chm_get_current_channel
 *fill*         0x00000000401016eb        0x1 
 .text          0x00000000401016ec       0x4f ./build/sdklib/libphy.a(phy.o)
                                         0x53 (size before relaxing)
                0x00000000401016f4                sdk_register_phy_ops
                0x0000000040101714                sdk_phy_change_channel
                0x0000000040101730                sdk_phy_get_mactime
 *fill*         0x000000004010173b        0x1 
 .text          0x000000004010173c       0xf7 ./build/sdklib/libphy.a(phy_sleep.o)
                                        0x103 (size before relaxing)
                0x000000004010174c                sdk_pm_rtc_clock_cali
                0x0000000040101808                sdk_clockgate_watchdog
 *fill*         0x0000000040101833        0x1 
 .text          0x0000000040101834       0x94 ./build/sdklib/libpp.a(esf_buf.o)
                                         0xb4 (size before relaxing)
                0x0000000040101838                sdk_esf_rx_buf_alloc
 .text          0x00000000401018c8     0x14e0 ./build/sdklib/libpp.a(lmac.o)
                                       0x187c (size before relaxing)
                0x00000000401018cc                sdk_lmacIsActive
                0x00000000401018e0                sdk_lmacIsIdle
                0x0000000040101d28                sdk_lmacSetAcParam
                0x0000000040101dc4                sdk_lmacProcessTXStartData
                0x0000000040101f6c                sdk_lmacProcessTxSuccess
                0x00000000401020b4                sdk_GetAccess
                0x00000000401020c0                sdk_lmacDiscardAgedMSDU
                0x00000000401020d4                sdk_lmacRecycleMPDU
                0x00000000401025b4                sdk_lmacProcessCollisions
                0x0000000040102610                sdk_lmacProcessCollision
                0x0000000040102694                sdk_lmacMSDUAged
                0x0000000040102a18                sdk_lmacProcessCtsTimeout
                0x0000000040102a60                sdk_lmacProcessAckTimeout
                0x0000000040102ab4                sdk_lmacProcessRtsStart
                0x0000000040102ac0                sdk_lmacProcessTxRtsError
                0x0000000040102b58                sdk_lmacProcessTxError
                0x0000000040102bdc                sdk_lmacTxFrame
                0x0000000040102d90                sdk_lmacRxDone
 .text          0x0000000040102da8      0xe70 ./build/sdklib/libpp.a(pp.o)
                                       0x103c (size before relaxing)
                0x0000000040102dd8                sdk_pp_soft_wdt_feed
                0x0000000040102eec                sdk_ppProcessTxQ
                0x0000000040102fdc                sdk_ppFetchTxQFirstAvail
                0x000000004010301c                sdk_ppDequeueTxQ
                0x0000000040103044                sdk_ppRollBackTxQ
                0x0000000040103068                sdk_ppRecordBarRRC
                0x0000000040103078                sdk_ppTxqUpdateBitmap
                0x000000004010309c                sdk_ppEnqueueTxDone
                0x00000000401030d0                sdk_ppEnqueueRxq
                0x0000000040103898                sdk_ppDiscardMPDU
                0x00000000401038cc                sdk_MacIsrSigPostDefHdl
                0x00000000401039c0                sdk_pp_post
                0x0000000040103ac4                sdk_ppCalTxop
                0x0000000040103ba8                sdk_ppCalFrameTimes
 .text          0x0000000040103c18       0xf5 ./build/sdklib/libpp.a(rate_control.o)
                                        0x109 (size before relaxing)
                0x0000000040103c38                sdk_RC_GetAckRate
                0x0000000040103c44                sdk_RC_GetRtsRate
                0x0000000040103c54                sdk_RC_GetAckTime
                0x0000000040103c68                sdk_RC_GetCtsTime
                0x0000000040103ca0                sdk_RC_GetBlockAckTime
 *fill*         0x0000000040103d0d        0x3 
 .text          0x0000000040103d10      0x7f9 ./build/sdklib/libpp.a(trc.o)
                                        0x81d (size before relaxing)
                0x0000000040103e88                sdk_rcUpdateTxDone
                0x0000000040103f1c                sdk_rcUpdateRxDone
                0x0000000040103f78                sdk_rcUpdateDataRxDone
                0x0000000040103f90                sdk_rcGetSched
                0x0000000040104038                sdk_rcGetRate
                0x000000004010443c                sdk_rcReachRetryLimit
                0x0000000040104454                sdk_trc_NeedRTS
 *fill*         0x0000000040104509        0x3 
 .text          0x000000004010450c     0x1163 ./build/sdklib/libpp.a(wdev.o)
                                       0x1473 (size before relaxing)
                0x0000000040104860                sdk_wDev_MacTimSetFunc
                0x0000000040104880                sdk_wDev_MacTimArm
                0x0000000040104924                sdk_wDev_MacTim1Arm
                0x0000000040104a00                sdk_wDev_ProcessFiq
                0x0000000040104da4                sdk_wDev_EnableTransmit
                0x0000000040104de8                sdk_wDev_DisableTransmit
                0x0000000040104e08                sdk_Tx_Copy2Queue
                0x0000000040104e50                sdk_wDev_ProcessCollision
                0x0000000040104e74                sdk_wDev_GetTxqCollisions
                0x0000000040104e84                sdk_wDev_ClearTxqCollisions
                0x0000000040104e9c                sdk_wDev_SetWaitingQueue
                0x0000000040104ee8                sdk_wDev_ClearWaitingQueue
                0x0000000040104f08                sdk_wDev_SetFrameAckType
                0x0000000040104f6c                sdk_wDev_AppendRxBlocks
                0x0000000040105114                sdk_wDev_AppendRxAmpduLensBlocks
                0x000000004010524c                sdk_wDev_GetBAInfo
 *fill*         0x000000004010566f        0x1 
 .text          0x0000000040105670       0x25 ./build/sdklib/libnet80211.a(ieee80211_hostap.o)
 *fill*         0x0000000040105695        0x0 
 *fill*         0x0000000040105695        0x0 
 *fill*         0x0000000040105695        0x3 
 .text          0x0000000040105698        0x2 ./build/sdklib/libphy.a(phy_chip_v6.o)
                0x0000000040105698                sdk_ram_tx_mac_disable
 *fill*         0x000000004010569a        0x0 
 *fill*         0x000000004010569a        0x0 
 *fill*         0x000000004010569a        0x0 
 *fill*         0x000000004010569a        0x0 
 *fill*         0x000000004010569a        0x2 
 .text          0x000000004010569c       0x11 ./build/sdklib/libwpa.a(wpa_auth.o)
 *libgcc.a:*i3.o(.literal .text .literal.* .text.*)
 *fill*         0x00000000401056ad        0x3 
 .text          0x00000000401056b0       0x49 ./build/libgcc.a(_modsi3.o)
                0x00000000401056b0                __modsi3
 *fill*         0x00000000401056f9        0x3 
 .text          0x00000000401056fc       0x4c ./build/libgcc.a(_udivsi3.o)
                0x00000000401056fc                __udivsi3
 .text          0x0000000040105748       0x18 ./build/libgcc.a(_ashrdi3.o)
                0x0000000040105748                __ashrdi3
 *libc.a:*malloc.o(.literal .text .literal.* .text.*)
 .literal       0x0000000040105760        0x4 ./build/libc.a(lib_a-malloc.o)
                                         0x10 (size before relaxing)
 .literal       0x0000000040105764        0x8 ./build/libc.a(lib_a-nano-mallocr.o)
                                         0x20 (size before relaxing)
 .literal       0x000000004010576c        0x0 ./build/libc.a(lib_a-nano-freer.o)
                                          0xc (size before relaxing)
 .literal       0x000000004010576c       0x28 ./build/libc.a(lib_a-rand.o)
                                         0x58 (size before relaxing)
 .literal       0x0000000040105794        0xc ./build/libc.a(lib_a-mlock.o)
                                         0x10 (size before relaxing)
 .literal       0x00000000401057a0        0x0 ./build/libc.a(lib_a-printf.o)
                                          0xc (size before relaxing)
 .literal       0x00000000401057a0        0x0 ./build/libc.a(lib_a-sprintf.o)
                                         0x14 (size before relaxing)
 .literal       0x00000000401057a0        0x0 ./build/libc.a(lib_a-fprintf.o)
                                          0xc (size before relaxing)
 .literal       0x00000000401057a0       0x24 ./build/libc.a(lib_a-nano-svfprintf.o)
                                         0x54 (size before relaxing)
 .literal       0x00000000401057c4       0x1c ./build/libc.a(lib_a-nano-vfprintf.o)
                                         0x54 (size before relaxing)
 .literal       0x00000000401057e0       0x48 ./build/libc.a(lib_a-findfp.o)
                                         0xa4 (size before relaxing)
 .literal       0x0000000040105828        0x8 ./build/libc.a(lib_a-fputwc.o)
                                         0x20 (size before relaxing)
 .text          0x0000000040105830       0x35 ./build/libc.a(lib_a-malloc.o)
                0x0000000040105830                malloc
                0x000000004010584c                free
 *libc.a:*mallocr.o(.literal .text .literal.* .text.*)
 *fill*         0x0000000040105865        0x3 
 .text          0x0000000040105868       0xed ./build/libc.a(lib_a-nano-mallocr.o)
                                         0xf1 (size before relaxing)
                0x0000000040105868                _malloc_r
 *fill*         0x0000000040105955        0x0 
 *libc.a:*freer.o(.literal .text .literal.* .text.*)
 *fill*         0x0000000040105955        0x3 
 .text          0x0000000040105958       0xb1 ./build/libc.a(lib_a-nano-freer.o)
                0x0000000040105958                _free_r
 *fill*         0x0000000040105a09        0x0 
 *libc.a:*memcpy.o(.literal .text .literal.* .text.*)
 *libc.a:*memset.o(.literal .text .literal.* .text.*)
 *libc.a:*memcmp.o(.literal .text .literal.* .text.*)
 *libc.a:*memmove.o(.literal .text .literal.* .text.*)
 *libc.a:*rand.o(.literal .text .literal.* .text.*)
 *fill*         0x0000000040105a09        0x3 
 .text          0x0000000040105a0c       0xdd ./build/libc.a(lib_a-rand.o)
                                         0xe1 (size before relaxing)
                0x0000000040105a0c                srand
                0x0000000040105a70                rand
 *fill*         0x0000000040105ae9        0x0 
 *libc.a:*bzero.o(.literal .text .literal.* .text.*)
 *libc.a:*lock.o(.literal .text .literal.* .text.*)
 *fill*         0x0000000040105ae9        0x3 
 .text          0x0000000040105aec       0x2d ./build/libc.a(lib_a-mlock.o)
                0x0000000040105aec                __malloc_lock
                0x0000000040105b04                __malloc_unlock
 *fill*         0x0000000040105b19        0x0 
 *libc.a:*-printf.o(.literal .text .literal.* .text.*)
 *fill*         0x0000000040105b19        0x3 
 .text          0x0000000040105b1c       0x61 ./build/libc.a(lib_a-printf.o)
                                         0x65 (size before relaxing)
                0x0000000040105b1c                _printf_r
                0x0000000040105b1c                _iprintf_r
                0x0000000040105b48                printf
                0x0000000040105b48                iprintf
 *fill*         0x0000000040105b7d        0x0 
 *libc.a:*-sprintf.o(.literal .text .literal.* .text.*)
 *fill*         0x0000000040105b7d        0x3 
 .text          0x0000000040105b80       0xb5 ./build/libc.a(lib_a-sprintf.o)
                                         0xb9 (size before relaxing)
                0x0000000040105b80                _siprintf_r
                0x0000000040105b80                _sprintf_r
                0x0000000040105bd8                sprintf
                0x0000000040105bd8                siprintf
 *fill*         0x0000000040105c35        0x0 
 *libc.a:*-fprintf.o(.literal .text .literal.* .text.*)
 *fill*         0x0000000040105c35        0x3 
 .text          0x0000000040105c38       0x57 ./build/libc.a(lib_a-fprintf.o)
                                         0x5b (size before relaxing)
                0x0000000040105c38                _fprintf_r
                0x0000000040105c38                _fiprintf_r
                0x0000000040105c5c                fprintf
                0x0000000040105c5c                fiprintf
 *fill*         0x0000000040105c8f        0x0 
 *libc.a:*-svfprintf.o(.literal .text .literal.* .text.*)
 *fill*         0x0000000040105c8f        0x1 
 .text          0x0000000040105c90      0x4c5 ./build/libc.a(lib_a-nano-svfprintf.o)
                0x0000000040105c90                __ssputs_r
                0x0000000040105d8c                __ssprint_r
                0x0000000040105ec0                _svfprintf_r
                0x0000000040105ec0                _svfiprintf_r
 *fill*         0x0000000040106155        0x0 
 *libc.a:*-vfprintf.o(.literal .text .literal.* .text.*)
 *fill*         0x0000000040106155        0x3 
 .text          0x0000000040106158      0x43b ./build/libc.a(lib_a-nano-vfprintf.o)
                                        0x43f (size before relaxing)
                0x0000000040106190                __sfputs_r
                0x0000000040106200                __sprint_r
                0x0000000040106290                _vfiprintf_r
                0x0000000040106290                _vfprintf_r
                0x000000004010656c                vfiprintf
                0x000000004010656c                vfprintf
 *fill*         0x0000000040106593        0x0 
 *libc.a:*findfp.o(.literal .text .literal.* .text.*)
 *fill*         0x0000000040106593        0x1 
 .text          0x0000000040106594      0x317 ./build/libc.a(lib_a-findfp.o)
                0x00000000401065ec                _cleanup_r
                0x0000000040106684                __sfmoreglue
                0x00000000401066cc                _cleanup
                0x00000000401066e0                __sfp_lock_acquire
                0x00000000401066f8                __sfp_lock_release
                0x0000000040106710                __sinit_lock_acquire
                0x0000000040106728                __sinit_lock_release
                0x0000000040106740                __sinit
                0x00000000401067bc                __sfp
                0x000000004010686c                __fp_lock_all
                0x000000004010688c                __fp_unlock_all
 *fill*         0x00000000401068ab        0x0 
 *libc.a:*fputwc.o(.literal .text .literal.* .text.*)
 *fill*         0x00000000401068ab        0x1 
 .text          0x00000000401068ac      0x152 ./build/libc.a(lib_a-fputwc.o)
                                        0x156 (size before relaxing)
                0x00000000401068ac                __fputwc
                0x0000000040106954                _fputwc_r
                0x00000000401069c8                fputwc
 *fill*         0x00000000401069fe        0x0 
 *(.stub .gnu.warning .gnu.linkonce.literal.* .gnu.linkonce.t.*.literal .gnu.linkonce.t.*)
 *(.fini.literal)
 *(.fini)
 *(.gnu.version)
                0x00000000401069fe                _text_end = ABSOLUTE (.)
                0x00000000401069fe                _etext = .

.data           0x000000003ffe8000      0x998
                0x000000003ffe8000                _data_start = ABSOLUTE (.)
 *(.data)
 .data          0x000000003ffe8000        0x8 ./build/core.a(spiflash-cache-enable.o)
                0x000000003ffe8000                rboot_megabyte
 .data          0x000000003ffe8008       0xf4 ./build/libc.a(lib_a-impure.o)
                0x000000003ffe8008                _impure_ptr
 .data          0x000000003ffe80fc      0x16c ./build/libc.a(lib_a-locale.o)
                0x000000003ffe80fc                __global_locale
 .data          0x000000003ffe8268        0x1 ./build/sdklib/libmain.a(user_interface.o)
 *fill*         0x000000003ffe8269        0x3 
 .data          0x000000003ffe826c      0x1a8 ./build/sdklib/libnet80211.a(ieee80211_phy.o)
 *fill*         0x000000003ffe8414        0x4 
 .data          0x000000003ffe8418        0x6 ./build/sdklib/libnet80211.a(ieee80211_proto.o)
                0x000000003ffe8418                sdk_ieee80211_addr_bcast
 *fill*         0x000000003ffe841e        0x2 
 .data          0x000000003ffe8420       0x1c ./build/sdklib/libnet80211.a(ieee80211_action.o)
 *fill*         0x000000003ffe843c        0x4 
 .data          0x000000003ffe8440       0x53 ./build/sdklib/libphy.a(phy_chip_v6.o)
                0x000000003ffe8442                sdk_tx_rf_ana_gain
                0x000000003ffe8464                sdk_tx_pwctrl_atten_init_en
                0x000000003ffe8470                sdk_rx_gain_swp
                0x000000003ffe8490                sdk_test_rffreq_txcap
 *fill*         0x000000003ffe8493        0xd 
 .data          0x000000003ffe84a0       0x90 ./build/sdklib/libphy.a(phy_chip_v6_cal.o)
                0x000000003ffe84a0                sdk_dpd_index
                0x000000003ffe8500                sdk_dpd_db2linear
 .data          0x000000003ffe8530        0x4 ./build/sdklib/libphy.a(phy_sleep.o)
                0x000000003ffe8530                sdk_chip_version
 .data          0x000000003ffe8534      0x11c ./build/sdklib/libphy.a(phy_chip_v5_romfunc.o)
                0x000000003ffe8534                sdk_g_phyFuns
                0x000000003ffe8538                sdk_g_phyFuns_instance
 .data          0x000000003ffe8650        0x7 ./build/sdklib/libphy.a(phy_chip_v5_cal_romfunc.o)
 *fill*         0x000000003ffe8657        0x1 
 .data          0x000000003ffe8658        0x1 ./build/sdklib/libpp.a(pm.o)
 *fill*         0x000000003ffe8659        0x3 
 .data          0x000000003ffe865c       0x10 ./build/sdklib/libpp.a(pp.o)
                0x000000003ffe865c                sdk_NoiseTimerInterval
                0x000000003ffe8664                sdk_sleep_start_wait_time
 *fill*         0x000000003ffe866c        0x4 
 .data          0x000000003ffe8670       0x40 ./build/sdklib/libpp.a(rate_control.o)
 .data          0x000000003ffe86b0      0x22c ./build/sdklib/libpp.a(trc.o)
 *fill*         0x000000003ffe88dc        0x4 
 .data          0x000000003ffe88e0       0x10 ./build/sdklib/libpp.a(wdev.o)
 .data          0x000000003ffe88f0       0x18 ./build/sdklib/libnet80211.a(ieee80211_crypto_ccmp.o)
                0x000000003ffe88f0                sdk_ccmp
 .data          0x000000003ffe8908       0x18 ./build/sdklib/libnet80211.a(ieee80211_crypto_tkip.o)
                0x000000003ffe8908                sdk_tkip
 .data          0x000000003ffe8920       0x18 ./build/sdklib/libnet80211.a(ieee80211_crypto_wep.o)
                0x000000003ffe8920                sdk_wep
 *(.data.*)
 .data.cpu_freq
                0x000000003ffe8938        0x4 ./build/open_esplibs_libmain.a(misc.o)
 .data.sdk_flashchip
                0x000000003ffe893c       0x18 ./build/open_esplibs_libmain.a(spi_flash.o)
                0x000000003ffe893c                sdk_flashchip
 .data.sdk_dhcpc_flag
                0x000000003ffe8954        0x4 ./build/open_esplibs_libmain.a(user_interface.o)
                0x000000003ffe8954                sdk_dhcpc_flag
 .data.iss$5639
                0x000000003ffe8958        0x4 ./build/lwip.a(tcp.o)
 .data.tcp_port
                0x000000003ffe895c        0x2 ./build/lwip.a(tcp.o)
 .data.udp_port
                0x000000003ffe895e        0x2 ./build/lwip.a(udp.o)
 .data.current_stdout_write_r
                0x000000003ffe8960        0x4 ./build/core.a(newlib_syscalls.o)
 .data.wifi_config_http_parser_settings
                0x000000003ffe8964       0x28 ./build/wifi_config.a(wifi_config.o)
 .data.html_settings_footer
                0x000000003ffe898c        0x4 ./build/wifi_config.a(wifi_config.o)
                0x000000003ffe898c                html_settings_footer
 .data.html_network_item
                0x000000003ffe8990        0x4 ./build/wifi_config.a(wifi_config.o)
                0x000000003ffe8990                html_network_item
 .data.html_settings_header
                0x000000003ffe8994        0x4 ./build/wifi_config.a(wifi_config.o)
                0x000000003ffe8994                html_settings_header
 *(.gnu.linkonce.d.*)
 *(.data1)
 *(.sdata)
 *(.sdata.*)
 *(.gnu.linkonce.s.*)
 *(.sdata2)
 *(.sdata2.*)
 *(.gnu.linkonce.s2.*)
 *(.jcr)
                0x000000003ffe8998                _data_end = ABSOLUTE (.)

.rodata         0x000000003ffe8998      0x8ec
                0x000000003ffe8998                _rodata_start = ABSOLUTE (.)
 *core.a:*(.rodata.* .rodata)
 .rodata.str1.4
                0x000000003ffe8998      0x19f ./build/core.a(app_main.o)
 *fill*         0x000000003ffe8b37        0x1 
 .rodata.CSWTCH$29
                0x000000003ffe8b38       0x24 ./build/core.a(app_main.o)
 .rodata.CSWTCH$28
                0x000000003ffe8b5c       0x40 ./build/core.a(app_main.o)
 .rodata.str1.4
                0x000000003ffe8b9c      0x1cc ./build/core.a(debug_dumps.o)
 .rodata        0x000000003ffe8d68       0x1c ./build/core.a(exception_vectors.o)
 *libc.a:*.o(.rodata.* .rodata)
 .rodata        0x000000003ffe8d84        0x4 ./build/libc.a(lib_a-impure.o)
                0x000000003ffe8d84                _global_impure_ptr
 .rodata.str1.1
                0x000000003ffe8d88        0xa ./build/libc.a(lib_a-locale.o)
                                          0xb (size before relaxing)
 .rodata.str1.1
                0x000000003ffe8d92       0x21 ./build/libc.a(lib_a-mstats.o)
 .rodata.str1.1
                0x000000003ffe8db3       0x4b ./build/libc.a(lib_a-nano-mallstatsr.o)
 .rodata.str1.1
                0x000000003ffe8dfe       0x12 ./build/libc.a(lib_a-nano-vfprintf_float.o)
 .rodata.str1.1
                0x000000003ffe8e10       0x22 ./build/libc.a(lib_a-nano-vfprintf_i.o)
 .rodata.str1.1
                0x000000003ffe8e32        0x5 ./build/libc.a(lib_a-nano-vfscanf_float.o)
 .rodata.str1.1
                0x000000003ffe8e37        0x5 ./build/libc.a(lib_a-puts.o)
                                          0x2 (size before relaxing)
 .rodata.str1.1
                0x000000003ffe8e37        0x5 ./build/libc.a(lib_a-strtod.o)
                                          0xc (size before relaxing)
 *fill*         0x000000003ffe8e37        0x1 
 .rodata        0x000000003ffe8e38       0x70 ./build/libc.a(lib_a-strtod.o)
 .rodata        0x000000003ffe8ea8      0x101 ./build/libc.a(lib_a-ctype_.o)
                0x000000003ffe8ea8                _ctype_
 .rodata.str1.1
                0x000000003ffe8fa9        0xd ./build/libc.a(lib_a-dtoa.o)
                                          0xf (size before relaxing)
 *fill*         0x000000003ffe8fb6        0x2 
 .rodata        0x000000003ffe8fb8      0x128 ./build/libc.a(lib_a-mprec.o)
                0x000000003ffe8fc8                __mprec_tinytens
                0x000000003ffe8ff0                __mprec_bigtens
                0x000000003ffe9018                __mprec_tens
 .rodata.str1.1
                0x000000003ffe90e0       0x11 ./build/libc.a(lib_a-nano-svfprintf.o)
 .rodata.str1.1
                0x000000003ffe90f1       0x11 ./build/libc.a(lib_a-nano-vfprintf.o)
 .rodata.str1.1
                0x000000003ffe90f1       0x3c ./build/libc.a(lib_a-assert.o)
                                         0x3d (size before relaxing)
 *freertos.a:*(.rodata.* .rodata)
 *fill*         0x000000003ffe912d        0x3 
 .rodata.str1.4
                0x000000003ffe9130       0x49 ./build/freertos.a(tasks.o)
 *fill*         0x000000003ffe9179        0x3 
 .rodata.str1.4
                0x000000003ffe917c       0x4b ./build/freertos.a(timers.o)
 *fill*         0x000000003ffe91c7        0x1 
 .rodata.str1.4
                0x000000003ffe91c8       0x66 ./build/freertos.a(port.o)
 *fill*         0x000000003ffe922e        0x2 
 .rodata.str1.4
                0x000000003ffe9230       0x42 ./build/freertos.a(queue.o)
 *libmain.a:spi_flash.o(.rodata.* .rodata)
 *libpp.a:wdev.o(.rodata.* .rodata)
 *fill*         0x000000003ffe9272        0x2 
 .rodata.str1.4
                0x000000003ffe9274       0x10 ./build/sdklib/libpp.a(wdev.o)
                                          0xf (size before relaxing)
                0x000000003ffe9284                _rodata_end = ABSOLUTE (.)

.bss            0x000000003ffe9288     0x8458
                0x000000003ffe9288                . = ALIGN (0x8)
                0x000000003ffe9288                _bss_start = ABSOLUTE (.)
 *(.dynsbss)
 *(.sbss)
 *(.sbss.*)
 *(.gnu.linkonce.sb.*)
 *(.scommon)
 *(.sbss2)
 *(.sbss2.*)
 *(.gnu.linkonce.sb2.*)
 *(.dynbss)
 *(.bss)
 *fill*         0x000000003ffe9288        0x8 
 .bss           0x000000003ffe9290      0x228 ./build/core.a(exception_vectors.o)
                0x000000003ffe94a4                debug_saved_ctx
 .bss           0x000000003ffe94b8        0xc ./build/libc.a(lib_a-arc4random.o)
                0x000000003ffe94b8                __arc4random_mutex
 .bss           0x000000003ffe94c4        0x4 ./build/libc.a(lib_a-__call_atexit.o)
                0x000000003ffe94c4                __atexit_recursive_mutex
 .bss           0x000000003ffe94c8        0x4 ./build/libc.a(lib_a-envlock.o)
                0x000000003ffe94c8                __env_recursive_mutex
 .bss           0x000000003ffe94cc        0x8 ./build/libc.a(lib_a-findfp.o)
                0x000000003ffe94cc                __sinit_recursive_mutex
                0x000000003ffe94d0                __sfp_recursive_mutex
 .bss           0x000000003ffe94d4        0x4 ./build/libc.a(lib_a-mlock.o)
                0x000000003ffe94d4                __malloc_recursive_mutex
 .bss           0x000000003ffe94d8       0x28 ./build/libc.a(lib_a-nano-mallinfor.o)
                0x000000003ffe94d8                __malloc_current_mallinfo
 .bss           0x000000003ffe9500        0x8 ./build/libc.a(lib_a-nano-mallocr.o)
                0x000000003ffe9500                __malloc_sbrk_start
                0x000000003ffe9504                __malloc_free_list
 .bss           0x000000003ffe9508        0x8 ./build/libc.a(lib_a-quick_exit.o)
                0x000000003ffe9508                __at_quick_exit_mutex
 .bss           0x000000003ffe9510        0x4 ./build/libc.a(lib_a-tzlock.o)
                0x000000003ffe9510                __tz_mutex
 *fill*         0x000000003ffe9514        0xc 
 .bss           0x000000003ffe9520      0x131 ./build/sdklib/libmain.a(user_interface.o)
 *fill*         0x000000003ffe9651        0x3 
 .bss           0x000000003ffe9654      0x54c ./build/sdklib/libnet80211.a(ieee80211.o)
                0x000000003ffe9654                sdk_g_ic
                0x000000003ffe9b9c                sdk_xieee80211Queue
 .bss           0x000000003ffe9ba0       0x28 ./build/sdklib/libnet80211.a(ieee80211_hostap.o)
                0x000000003ffe9bc0                sdk_TmpSTAAPCloseAP
                0x000000003ffe9bc1                sdk_PendFreeBcnEb
 .bss           0x000000003ffe9bc8       0xe4 ./build/sdklib/libnet80211.a(ieee80211_scan.o)
                0x000000003ffe9bc8                sdk_gScanStruct
                0x000000003ffe9c8c                sdk_auth_type
                0x000000003ffe9c8e                sdk_scannum
 .bss           0x000000003ffe9cac       0x44 ./build/sdklib/libnet80211.a(wl_chm.o)
 .bss           0x000000003ffe9cf0      0x780 ./build/sdklib/libnet80211.a(wl_cnx.o)
                0x000000003ffea450                sdk_sta_con_timer
                0x000000003ffea46c                sdk_g_cnx_probe_rc_list_cb
 .bss           0x000000003ffea470        0x4 ./build/sdklib/libphy.a(phy.o)
 *fill*         0x000000003ffea474        0xc 
 .bss           0x000000003ffea480      0x38b ./build/sdklib/libphy.a(phy_chip_v6.o)
                0x000000003ffea480                sdk_rxiq_compute_num
                0x000000003ffea484                sdk_rxdc_init_flag
                0x000000003ffea488                sdk_check_result
                0x000000003ffea48c                sdk_chip6_sleep_params
                0x000000003ffea664                sdk_chip6_phy_init_ctrl
                0x000000003ffea6d2                sdk_phy_freq_offset
                0x000000003ffea6d4                sdk_do_pwctrl_flag
                0x000000003ffea6d5                sdk_pwctrl_debug
                0x000000003ffea6d6                sdk_txbk_dpdby_flag
                0x000000003ffea6d8                sdk_sw_scan_mode
                0x000000003ffea6ec                sdk_periodic_cal_dc_num
                0x000000003ffea6f0                sdk_periodic_cal_flag
                0x000000003ffea6f1                sdk_bbpll_cal_flag
                0x000000003ffea6f2                sdk_deep_sleep_en
                0x000000003ffea6f8                sdk_noise_array
                0x000000003ffea800                sdk_tx_pwctrl_atten_init
 *fill*         0x000000003ffea80b        0x1 
 .bss           0x000000003ffea80c        0x6 ./build/sdklib/libphy.a(phy_chip_v6_cal.o)
                0x000000003ffea80c                sdk_loop_pwctrl_pwdet_error_accum_high_power
                0x000000003ffea80e                sdk_tx_pwctrl_pk_num
                0x000000003ffea80f                sdk_loop_pwctrl_correct_atten_high_power
                0x000000003ffea810                sdk_tx_pwctrl_set_chan_flag
                0x000000003ffea811                sdk_rxiq_cover_fail_num
 *fill*         0x000000003ffea812        0x2 
 .bss           0x000000003ffea814        0x4 ./build/sdklib/libphy.a(phy_sleep.o)
                0x000000003ffea814                sdk_periodic_cal_sat
                0x000000003ffea815                sdk_software_slp_reject
                0x000000003ffea816                sdk_SDIO_slp_reject
                0x000000003ffea817                sdk_hardware_reject
 *fill*         0x000000003ffea818        0x8 
 .bss           0x000000003ffea820     0x11e8 ./build/sdklib/libpp.a(esf_buf.o)
 *fill*         0x000000003ffeba08        0x8 
 .bss           0x000000003ffeba10       0x30 ./build/sdklib/libpp.a(if_hwctrl.o)
                0x000000003ffeba10                sdk_interface_mask
                0x000000003ffeba20                sdk_if_ctrl
 .bss           0x000000003ffeba40      0x150 ./build/sdklib/libpp.a(lmac.o)
                0x000000003ffeba44                sdk_lmacConfMib
 .bss           0x000000003ffebb90      0x149 ./build/sdklib/libpp.a(pm.o)
 *fill*         0x000000003ffebcd9        0x7 
 .bss           0x000000003ffebce0      0x352 ./build/sdklib/libpp.a(pp.o)
                0x000000003ffebd08                sdk_pend_flag_noise_check
                0x000000003ffebd10                sdk_pend_flag_periodic_cal
                0x000000003ffebd34                sdk_dbg_stop_sw_wdt
                0x000000003ffebd35                sdk_dbg_stop_hw_wdt
 *fill*         0x000000003ffec032        0xe 
 .bss           0x000000003ffec040      0x100 ./build/sdklib/libpp.a(rate_control.o)
 .bss           0x000000003ffec140      0x268 ./build/sdklib/libpp.a(trc.o)
 *fill*         0x000000003ffec3a8        0x8 
 .bss           0x000000003ffec3b0     0x4721 ./build/sdklib/libpp.a(wdev.o)
                0x000000003ffec3b0                sdk_wDevCtrl
                0x000000003ffec554                sdk_NMIIrqIsOn
                0x000000003ffec558                sdk_WdevTimOffSet
 *fill*         0x000000003fff0ad1        0xf 
 .bss           0x000000003fff0ae0      0x27a ./build/sdklib/libwpa.a(wpa.o)
 *fill*         0x000000003fff0d5a        0x6 
 .bss           0x000000003fff0d60       0xb0 ./build/sdklib/libwpa.a(aes-internal-dec.o)
 .bss           0x000000003fff0e10        0x8 ./build/sdklib/libnet80211.a(ieee80211_crypto_tkip.o)
 *(.bss.*)
 .bss.task_handle
                0x000000003fff0e18        0x4 ./build/open_esplibs_libmain.a(ets_timer.o)
 .bss.timer_list
                0x000000003fff0e1c        0x4 ./build/open_esplibs_libmain.a(ets_timer.o)
 .bss.armed_timer_count
                0x000000003fff0e20        0x1 ./build/open_esplibs_libmain.a(timers.o)
 *fill*         0x000000003fff0e21        0x3 
 .bss.timer_list
                0x000000003fff0e24        0x4 ./build/open_esplibs_libmain.a(timers.o)
 .bss.hostap_timer_parg
                0x000000003fff0e28        0x4 ./build/open_esplibs_libnet80211.a(ieee80211_hostap.o)
 .bss.hostap_timer
                0x000000003fff0e2c       0x1c ./build/open_esplibs_libnet80211.a(ieee80211_hostap.o)
 .bss.hostap_flags
                0x000000003fff0e48        0x1 ./build/open_esplibs_libnet80211.a(ieee80211_hostap.o)
 *fill*         0x000000003fff0e49        0x3 
 .bss.pp_zeros  0x000000003fff0e4c       0x20 ./build/open_esplibs_libpp.a(pp.o)
 .bss.uxSchedulerSuspended
                0x000000003fff0e6c        0x4 ./build/freertos.a(tasks.o)
 .bss.xIdleTaskHandle
                0x000000003fff0e70        0x4 ./build/freertos.a(tasks.o)
 .bss.xNextTaskUnblockTime
                0x000000003fff0e74        0x4 ./build/freertos.a(tasks.o)
 .bss.uxTaskNumber
                0x000000003fff0e78        0x4 ./build/freertos.a(tasks.o)
 .bss.xNumOfOverflows
                0x000000003fff0e7c        0x4 ./build/freertos.a(tasks.o)
 .bss.xYieldPending
                0x000000003fff0e80        0x4 ./build/freertos.a(tasks.o)
 .bss.uxPendedTicks
                0x000000003fff0e84        0x4 ./build/freertos.a(tasks.o)
 .bss.xSchedulerRunning
                0x000000003fff0e88        0x4 ./build/freertos.a(tasks.o)
 .bss.uxTopReadyPriority
                0x000000003fff0e8c        0x4 ./build/freertos.a(tasks.o)
 .bss.xTickCount
                0x000000003fff0e90        0x4 ./build/freertos.a(tasks.o)
 .bss.uxCurrentNumberOfTasks
                0x000000003fff0e94        0x4 ./build/freertos.a(tasks.o)
 .bss.xSuspendedTaskList
                0x000000003fff0e98       0x14 ./build/freertos.a(tasks.o)
 .bss.uxDeletedTasksWaitingCleanUp
                0x000000003fff0eac        0x4 ./build/freertos.a(tasks.o)
 .bss.xTasksWaitingTermination
                0x000000003fff0eb0       0x14 ./build/freertos.a(tasks.o)
 .bss.xPendingReadyList
                0x000000003fff0ec4       0x14 ./build/freertos.a(tasks.o)
 .bss.pxOverflowDelayedTaskList
                0x000000003fff0ed8        0x4 ./build/freertos.a(tasks.o)
 .bss.pxDelayedTaskList
                0x000000003fff0edc        0x4 ./build/freertos.a(tasks.o)
 .bss.xDelayedTaskList2
                0x000000003fff0ee0       0x14 ./build/freertos.a(tasks.o)
 .bss.xDelayedTaskList1
                0x000000003fff0ef4       0x14 ./build/freertos.a(tasks.o)
 .bss.pxReadyTasksLists
                0x000000003fff0f08      0x12c ./build/freertos.a(tasks.o)
 .bss.pxCurrentTCB
                0x000000003fff1034        0x4 ./build/freertos.a(tasks.o)
                0x000000003fff1034                pxCurrentTCB
 .bss.xLastTime$3531
                0x000000003fff1038        0x4 ./build/freertos.a(timers.o)
 .bss.xTimerTaskHandle
                0x000000003fff103c        0x4 ./build/freertos.a(timers.o)
 .bss.xTimerQueue
                0x000000003fff1040        0x4 ./build/freertos.a(timers.o)
 .bss.pxOverflowTimerList
                0x000000003fff1044        0x4 ./build/freertos.a(timers.o)
 .bss.pxCurrentTimerList
                0x000000003fff1048        0x4 ./build/freertos.a(timers.o)
 .bss.xActiveTimerList2
                0x000000003fff104c       0x14 ./build/freertos.a(timers.o)
 .bss.xActiveTimerList1
                0x000000003fff1060       0x14 ./build/freertos.a(timers.o)
 .bss.uxCriticalNesting
                0x000000003fff1074        0x4 ./build/freertos.a(port.o)
 .bss.pending_maclayer_sv
                0x000000003fff1078        0x4 ./build/freertos.a(port.o)
 .bss.pending_soft_sv
                0x000000003fff107c        0x4 ./build/freertos.a(port.o)
 .bss.critical_nesting
                0x000000003fff1080        0x4 ./build/lwip.a(sys_arch.o)
 .bss.tcpip_mbox
                0x000000003fff1084        0x4 ./build/lwip.a(tcpip.o)
 .bss.tcpip_init_done_arg
                0x000000003fff1088        0x4 ./build/lwip.a(tcpip.o)
 .bss.tcpip_init_done
                0x000000003fff108c        0x4 ./build/lwip.a(tcpip.o)
 .bss.netif_num
                0x000000003fff1090        0x1 ./build/lwip.a(netif.o)
 .bss.tcp_timer_ctr
                0x000000003fff1091        0x1 ./build/lwip.a(tcp.o)
 .bss.tcp_timer
                0x000000003fff1092        0x1 ./build/lwip.a(tcp.o)
 *fill*         0x000000003fff1093        0x1 
 .bss.recv_data
                0x000000003fff1094        0x4 ./build/lwip.a(tcp_in.o)
 .bss.recv_flags
                0x000000003fff1098        0x1 ./build/lwip.a(tcp_in.o)
 .bss.flags     0x000000003fff1099        0x1 ./build/lwip.a(tcp_in.o)
 .bss.tcplen    0x000000003fff109a        0x2 ./build/lwip.a(tcp_in.o)
 .bss.recv_acked
                0x000000003fff109c        0x2 ./build/lwip.a(tcp_in.o)
 *fill*         0x000000003fff109e        0x2 
 .bss.ackno     0x000000003fff10a0        0x4 ./build/lwip.a(tcp_in.o)
 .bss.seqno     0x000000003fff10a4        0x4 ./build/lwip.a(tcp_in.o)
 .bss.tcp_optidx
                0x000000003fff10a8        0x2 ./build/lwip.a(tcp_in.o)
 *fill*         0x000000003fff10aa        0x2 
 .bss.tcphdr_opt2
                0x000000003fff10ac        0x4 ./build/lwip.a(tcp_in.o)
 .bss.tcphdr_opt1len
                0x000000003fff10b0        0x2 ./build/lwip.a(tcp_in.o)
 .bss.tcphdr_optlen
                0x000000003fff10b2        0x2 ./build/lwip.a(tcp_in.o)
 .bss.tcphdr    0x000000003fff10b4        0x4 ./build/lwip.a(tcp_in.o)
 .bss.inseg     0x000000003fff10b8       0x10 ./build/lwip.a(tcp_in.o)
 .bss.tcpip_tcp_timer_active
                0x000000003fff10c8        0x4 ./build/lwip.a(timeouts.o)
 .bss.current_timeout_due_time
                0x000000003fff10cc        0x4 ./build/lwip.a(timeouts.o)
 .bss.next_timeout
                0x000000003fff10d0        0x4 ./build/lwip.a(timeouts.o)
 .bss.xid$4581  0x000000003fff10d4        0x4 ./build/lwip.a(dhcp.o)
 .bss.dhcp_pcb_refcount
                0x000000003fff10d8        0x1 ./build/lwip.a(dhcp.o)
 *fill*         0x000000003fff10d9        0x3 
 .bss.dhcp_pcb  0x000000003fff10dc        0x4 ./build/lwip.a(dhcp.o)
 .bss.etharp_cached_entry
                0x000000003fff10e0        0x1 ./build/lwip.a(etharp.o)
 *fill*         0x000000003fff10e1        0x3 
 .bss.arp_table
                0x000000003fff10e4       0xf0 ./build/lwip.a(etharp.o)
 .bss.allrouters
                0x000000003fff11d4        0x4 ./build/lwip.a(igmp.o)
 .bss.allsystems
                0x000000003fff11d8        0x4 ./build/lwip.a(igmp.o)
 .bss.ip4_default_multicast_netif
                0x000000003fff11dc        0x4 ./build/lwip.a(ip4.o)
 .bss.ip_id     0x000000003fff11e0        0x2 ./build/lwip.a(ip4.o)
 .bss.ip_reass_pbufcount
                0x000000003fff11e2        0x2 ./build/lwip.a(ip4_frag.o)
 .bss.reassdatagrams
                0x000000003fff11e4        0x4 ./build/lwip.a(ip4_frag.o)
 .bss.dns_servers
                0x000000003fff11e8        0x8 ./build/lwip.a(dns.o)
 .bss.dns_requests
                0x000000003fff11f0        0xc ./build/lwip.a(dns.o)
 .bss.dns_table
                0x000000003fff11fc       0x94 ./build/lwip.a(dns.o)
 .bss.dns_pcbs  0x000000003fff1290        0x4 ./build/lwip.a(dns.o)
 .bss.user_exception_handler
                0x000000003fff1294        0x4 ./build/core.a(debug_dumps.o)
 .bss.heap_end$5055
                0x000000003fff1298        0x4 ./build/core.a(newlib_syscalls.o)
 .bss.locks_initialized
                0x000000003fff129c        0x4 ./build/core.a(newlib_syscalls.o)
 .bss._sysparam_info
                0x000000003fff12a0       0x18 ./build/core.a(sysparam.o)
 .bss.wifi_networks
                0x000000003fff12b8        0x4 ./build/wifi_config.a(wifi_config.o)
                0x000000003fff12b8                wifi_networks
 .bss.context   0x000000003fff12bc        0x4 ./build/wifi_config.a(wifi_config.o)
 .bss.select_cb_list
                0x000000003fff12c0        0x4 ./build/lwip.a(sockets.o)
 .bss.sockets   0x000000003fff12c4       0xc0 ./build/lwip.a(sockets.o)
 .bss.ipbuf$6152
                0x000000003fff1384       0x10 ./build/dhcpserver.a(dhcpserver.o)
 .bss.state     0x000000003fff1394        0x4 ./build/dhcpserver.a(dhcpserver.o)
 .bss.dhcpserver_task_handle
                0x000000003fff1398        0x4 ./build/dhcpserver.a(dhcpserver.o)
 *(.gnu.linkonce.b.*)
 *(COMMON)
 COMMON         0x000000003fff139c        0x4 ./build/open_esplibs_libmain.a(misc.o)
                0x000000003fff139c                sdk__putc1
 COMMON         0x000000003fff13a0       0x28 ./build/open_esplibs_libmain.a(user_interface.o)
                0x000000003fff13a0                sdk_cpu_overclock
                0x000000003fff13a4                sdk_rst_if
                0x000000003fff13c4                sdk_promiscuous_cb
 COMMON         0x000000003fff13c8        0xc ./build/freertos.a(port.o)
                0x000000003fff13c8                level1_int_disabled
                0x000000003fff13cc                cpu_sr
                0x000000003fff13d0                xPortSupervisorStackPointer
 COMMON         0x000000003fff13d4        0x4 ./build/lwip.a(esp_interface.o)
                0x000000003fff13d4                pp_rx_pool_usage
 COMMON         0x000000003fff13d8        0xc ./build/lwip.a(sys_arch.o)
                0x000000003fff13d8                lwip_tcpip_thread
                0x000000003fff13dc                lwip_core_lock_count
                0x000000003fff13e0                lwip_core_lock_holder_thread
 COMMON         0x000000003fff13e4        0x4 ./build/lwip.a(tcpip.o)
                0x000000003fff13e4                lock_tcpip_core
 COMMON         0x000000003fff13e8        0x8 ./build/lwip.a(netif.o)
                0x000000003fff13e8                netif_list
                0x000000003fff13ec                netif_default
 COMMON         0x000000003fff13f0        0x1 ./build/lwip.a(pbuf.o)
                0x000000003fff13f0                pbuf_free_ooseq_pending
 *fill*         0x000000003fff13f1        0x3 
 COMMON         0x000000003fff13f4       0x18 ./build/lwip.a(tcp.o)
                0x000000003fff13f4                tcp_active_pcbs_changed
                0x000000003fff13f8                tcp_active_pcbs
                0x000000003fff13fc                tcp_ticks
                0x000000003fff1400                tcp_listen_pcbs
                0x000000003fff1404                tcp_bound_pcbs
                0x000000003fff1408                tcp_tw_pcbs
 COMMON         0x000000003fff140c        0x4 ./build/lwip.a(tcp_in.o)
                0x000000003fff140c                tcp_input_pcb
 COMMON         0x000000003fff1410        0x4 ./build/lwip.a(udp.o)
                0x000000003fff1410                udp_pcbs
 COMMON         0x000000003fff1414       0x34 ./build/lwip.a(dhcp.o)
                0x000000003fff1414                dhcp_rx_options_given
                0x000000003fff1420                dhcp_rx_options_val
 COMMON         0x000000003fff1448       0x18 ./build/lwip.a(ip.o)
                0x000000003fff1448                ip_data
 COMMON         0x000000003fff1460       0x2d ./build/core.a(app_main.o)
                0x000000003fff1460                sdk_info
                0x000000003fff1484                sdk_xWatchDogTaskHandle
                0x000000003fff1488                sdk_xUserTaskHandle
                0x000000003fff148c                sdk_user_init_flag
 *fill*         0x000000003fff148d        0x3 
 COMMON         0x000000003fff1490       0x81 ./build/core.a(esp_interrupts.o)
                0x000000003fff1490                isr
                0x000000003fff1510                esp_in_isr
 *fill*         0x000000003fff1511        0x3 
 COMMON         0x000000003fff1514      0x138 ./build/libc.a(lib_a-findfp.o)
                0x000000003fff1514                __sf
 COMMON         0x000000003fff164c        0x4 ./build/wifi_config.a(wifi_config.o)
                0x000000003fff164c                wifi_networks_mutex
 COMMON         0x000000003fff1650       0x90 ./build/lwip.a(sockets.o)
                0x000000003fff1650                socket_ipv4_multicast_memberships
                0x000000003fff16e0                . = ALIGN (0x8)
                0x000000003fff16e0                _bss_end = ABSOLUTE (.)
                0x000000003fff16e0                _heap_start = ABSOLUTE (.)

.irom0.text     0x0000000040202010    0x3ebbc
                0x0000000040202010                _irom0_text_start = ABSOLUTE (.)
 *(.literal .text .literal.* .text.* .rodata .rodata.*)
 .text.add_pending_timer
                0x0000000040202010       0x9c ./build/open_esplibs_libmain.a(ets_timer.o)
 .text.timer_task
                0x00000000402020ac       0xb9 ./build/open_esplibs_libmain.a(ets_timer.o)
                                         0xd5 (size before relaxing)
 *fill*         0x0000000040202165        0x3 
 .text.sdk_ets_timer_arm_ms_us
                0x0000000040202168       0x69 ./build/open_esplibs_libmain.a(ets_timer.o)
                                         0x7d (size before relaxing)
                0x0000000040202170                sdk_ets_timer_arm_ms_us
 *fill*         0x00000000402021d1        0x3 
 .text.sdk_ets_timer_arm
                0x00000000402021d4       0x17 ./build/open_esplibs_libmain.a(ets_timer.o)
                                         0x1b (size before relaxing)
                0x00000000402021d4                sdk_ets_timer_arm
 *fill*         0x00000000402021eb        0x1 
 .text.sdk_ets_timer_disarm
                0x00000000402021ec       0x51 ./build/open_esplibs_libmain.a(ets_timer.o)
                                         0x5d (size before relaxing)
                0x00000000402021ec                sdk_ets_timer_disarm
 *fill*         0x000000004020223d        0x3 
 .text.sdk_ets_timer_init
                0x0000000040202240       0xa8 ./build/open_esplibs_libmain.a(ets_timer.o)
                                         0xb8 (size before relaxing)
                0x000000004020225c                sdk_ets_timer_init
 .text.sdk_os_update_cpu_frequency
                0x00000000402022e8        0xb ./build/open_esplibs_libmain.a(misc.o)
                0x00000000402022ec                sdk_os_update_cpu_frequency
                0x00000000402022ec                sdk_ets_update_cpu_frequency
 *fill*         0x00000000402022f3        0x1 
 .text.sdk_os_delay_us
                0x00000000402022f4       0x19 ./build/open_esplibs_libmain.a(misc.o)
                                         0x1d (size before relaxing)
                0x00000000402022f4                sdk_os_delay_us
                0x00000000402022f4                sdk_ets_delay_us
 *fill*         0x000000004020230d        0x3 
 .text.sdk_os_install_putc1
                0x0000000040202310        0xb ./build/open_esplibs_libmain.a(misc.o)
                0x0000000040202314                sdk_os_install_putc1
 *fill*         0x000000004020231b        0x1 
 .text.sdk_gpio_output_set
                0x000000004020231c       0x1d ./build/open_esplibs_libmain.a(misc.o)
                0x0000000040202320                sdk_gpio_output_set
 *fill*         0x0000000040202339        0x3 
 .text.sdk_rtc_get_reset_reason
                0x000000004020233c       0x4a ./build/open_esplibs_libmain.a(misc.o)
                0x0000000040202344                sdk_rtc_get_reset_reason
 *fill*         0x0000000040202386        0x2 
 .text.timer_tramp
                0x0000000040202388       0x17 ./build/open_esplibs_libmain.a(timers.o)
                                         0x1f (size before relaxing)
 *fill*         0x000000004020239f        0x1 
 .text.sdk_os_timer_setfn
                0x00000000402023a0       0xac ./build/open_esplibs_libmain.a(timers.o)
                                         0xb8 (size before relaxing)
                0x00000000402023b0                sdk_os_timer_setfn
 .text.sdk_os_timer_arm
                0x000000004020244c       0xac ./build/open_esplibs_libmain.a(timers.o)
                                         0xd4 (size before relaxing)
                0x0000000040202458                sdk_os_timer_arm
 .text.sdk_os_timer_disarm
                0x00000000402024f8       0x27 ./build/open_esplibs_libmain.a(timers.o)
                                         0x37 (size before relaxing)
                0x00000000402024fc                sdk_os_timer_disarm
 *fill*         0x000000004020251f        0x1 
 .text._check_boot_version
                0x0000000040202520       0x3a ./build/open_esplibs_libmain.a(user_interface.o)
                                         0x3e (size before relaxing)
 *fill*         0x000000004020255a        0x2 
 .text.sdk_system_pp_recycle_rx_pkt
                0x000000004020255c        0xf ./build/open_esplibs_libmain.a(user_interface.o)
                                         0x17 (size before relaxing)
                0x000000004020255c                sdk_system_pp_recycle_rx_pkt
 *fill*         0x000000004020256b        0x1 
 .text.sdk_system_restart
                0x000000004020256c       0x53 ./build/open_esplibs_libmain.a(user_interface.o)
                                         0x7b (size before relaxing)
                0x0000000040202578                sdk_system_restart
 *fill*         0x00000000402025bf        0x1 
 .text.sdk_system_get_boot_version
                0x00000000402025c0        0xe ./build/open_esplibs_libmain.a(user_interface.o)
                                         0x12 (size before relaxing)
                0x00000000402025c0                sdk_system_get_boot_version
 *fill*         0x00000000402025ce        0x2 
 .text.sdk_system_get_test_result
                0x00000000402025d0       0x22 ./build/open_esplibs_libmain.a(user_interface.o)
                                         0x2e (size before relaxing)
                0x00000000402025d0                sdk_system_get_test_result
 *fill*         0x00000000402025f2        0x2 
 .text.sdk_system_upgrade_userbin_check
                0x00000000402025f4       0x40 ./build/open_esplibs_libmain.a(user_interface.o)
                                         0x44 (size before relaxing)
                0x00000000402025f4                sdk_system_upgrade_userbin_check
 .text.sdk_system_get_userbin_addr
                0x0000000040202634       0x96 ./build/open_esplibs_libmain.a(user_interface.o)
                                         0x9e (size before relaxing)
                0x0000000040202644                sdk_system_get_userbin_addr
 *fill*         0x00000000402026ca        0x2 
 .text.sdk_system_update_cpu_freq
                0x00000000402026cc       0x5d ./build/open_esplibs_libmain.a(user_interface.o)
                                         0x69 (size before relaxing)
                0x00000000402026cc                sdk_system_update_cpu_freq
 *fill*         0x0000000040202729        0x3 
 .text.sdk_system_get_cpu_freq
                0x000000004020272c       0x1a ./build/open_esplibs_libmain.a(user_interface.o)
                0x0000000040202730                sdk_system_get_cpu_freq
 *fill*         0x0000000040202746        0x2 
 .text.sdk_system_overclock
                0x0000000040202748       0x31 ./build/open_esplibs_libmain.a(user_interface.o)
                                         0x3d (size before relaxing)
                0x000000004020274c                sdk_system_overclock
 *fill*         0x0000000040202779        0x3 
 .text.sdk_system_restoreclock
                0x000000004020277c       0x33 ./build/open_esplibs_libmain.a(user_interface.o)
                                         0x43 (size before relaxing)
                0x000000004020277c                sdk_system_restoreclock
 *fill*         0x00000000402027af        0x1 
 .text.sdk_system_station_got_ip_set
                0x00000000402027b0       0x8d ./build/open_esplibs_libmain.a(user_interface.o)
                                         0xa9 (size before relaxing)
                0x00000000402027b8                sdk_system_station_got_ip_set
 *fill*         0x000000004020283d        0x3 
 .text.sdk_wifi_station_get_connect_status
                0x0000000040202840       0x21 ./build/open_esplibs_libmain.a(user_interface.o)
                                         0x2d (size before relaxing)
                0x0000000040202840                sdk_wifi_station_get_connect_status
 *fill*         0x0000000040202861        0x3 
 .text.sdk_wifi_set_ip_info
                0x0000000040202864       0x92 ./build/open_esplibs_libmain.a(user_interface.o)
                                         0xae (size before relaxing)
                0x0000000040202870                sdk_wifi_set_ip_info
 *fill*         0x00000000402028f6        0x2 
 .text.sdk_wifi_get_macaddr
                0x00000000402028f8       0x63 ./build/open_esplibs_libmain.a(user_interface.o)
                                         0x73 (size before relaxing)
                0x00000000402028fc                sdk_wifi_get_macaddr
 *fill*         0x000000004020295b        0x1 
 .text.sdk_ieee80211_hostap_attach
                0x000000004020295c      0x19d ./build/open_esplibs_libnet80211.a(ieee80211_hostap.o)
                                        0x1fd (size before relaxing)
                0x0000000040202980                sdk_ieee80211_hostap_attach
 *fill*         0x0000000040202af9        0x3 
 .text.sdk_wifi_softap_start
                0x0000000040202afc      0x16c ./build/open_esplibs_libnet80211.a(ieee80211_hostap.o)
                                        0x1c8 (size before relaxing)
                0x0000000040202b20                sdk_wifi_softap_start
 .text.sdk_wifi_softap_stop
                0x0000000040202c68      0x13d ./build/open_esplibs_libnet80211.a(ieee80211_hostap.o)
                                        0x1b9 (size before relaxing)
                0x0000000040202c6c                sdk_wifi_softap_stop
 *fill*         0x0000000040202da5        0x3 
 .text.sdk_sta_status_set
                0x0000000040202da8       0x42 ./build/open_esplibs_libnet80211.a(ieee80211_sta.o)
                                         0x46 (size before relaxing)
                0x0000000040202da8                sdk_sta_status_set
 *fill*         0x0000000040202dea        0x2 
 .text.sdk_wifi_station_start
                0x0000000040202dec       0xa7 ./build/open_esplibs_libnet80211.a(ieee80211_sta.o)
                                         0xdf (size before relaxing)
                0x0000000040202dfc                sdk_wifi_station_start
 *fill*         0x0000000040202e93        0x1 
 .text.sdk_wifi_station_stop
                0x0000000040202e94       0x4b ./build/open_esplibs_libnet80211.a(ieee80211_sta.o)
                                         0x5b (size before relaxing)
                0x0000000040202e94                sdk_wifi_station_stop
 *fill*         0x0000000040202edf        0x1 
 .text.dhcp_if_down
                0x0000000040202ee0       0x23 ./build/open_esplibs_libnet80211.a(wl_cnx.o)
                                         0x3f (size before relaxing)
                0x0000000040202ee0                dhcp_if_down
 *fill*         0x0000000040202f03        0x1 
 .text.sdk_cnx_rc_search
                0x0000000040202f04       0x62 ./build/open_esplibs_libnet80211.a(wl_cnx.o)
                                         0x66 (size before relaxing)
                0x0000000040202f08                sdk_cnx_rc_search
 *fill*         0x0000000040202f66        0x2 
 .text.sdk_cnx_add_rc
                0x0000000040202f68       0x7c ./build/open_esplibs_libnet80211.a(wl_cnx.o)
                                         0x80 (size before relaxing)
                0x0000000040202f68                sdk_cnx_add_rc
 .text.sdk_cnx_remove_rc
                0x0000000040202fe4       0x9b ./build/open_esplibs_libnet80211.a(wl_cnx.o)
                                         0x9f (size before relaxing)
                0x0000000040202fe8                sdk_cnx_remove_rc
 *fill*         0x000000004020307f        0x1 
 .text.sdk_cnx_node_remove
                0x0000000040203080       0x7c ./build/open_esplibs_libnet80211.a(wl_cnx.o)
                                         0x98 (size before relaxing)
                0x0000000040203080                sdk_cnx_node_remove
 .text.sdk_cnx_node_search
                0x00000000402030fc       0x66 ./build/open_esplibs_libnet80211.a(wl_cnx.o)
                                         0x6e (size before relaxing)
                0x00000000402030fc                sdk_cnx_node_search
 *fill*         0x0000000040203162        0x2 
 .text._ppz20   0x0000000040203164        0x9 ./build/open_esplibs_libpp.a(pp.o)
                0x0000000040203168                _ppz20
 *fill*         0x000000004020316d        0x3 
 .text.sdk_wpa_config_assoc_ie
                0x0000000040203170       0x17 ./build/open_esplibs_libwpa.a(wpa_main.o)
                                         0x1b (size before relaxing)
                0x0000000040203170                sdk_wpa_config_assoc_ie
 *fill*         0x0000000040203187        0x1 
 .text.sdk_dhcp_bind_check
                0x0000000040203188       0x22 ./build/open_esplibs_libwpa.a(wpa_main.o)
                                         0x26 (size before relaxing)
                0x0000000040203188                sdk_dhcp_bind_check
 *fill*         0x00000000402031aa        0x2 
 .text.wpa_callback2
                0x00000000402031ac       0x33 ./build/open_esplibs_libwpa.a(wpa_main.o)
                                         0x47 (size before relaxing)
 *fill*         0x00000000402031df        0x1 
 .text.wpa_callback1
                0x00000000402031e0       0x1b ./build/open_esplibs_libwpa.a(wpa_main.o)
                                         0x23 (size before relaxing)
 *fill*         0x00000000402031fb        0x1 
 .text.sdk_wpa_config_profile
                0x00000000402031fc       0x49 ./build/open_esplibs_libwpa.a(wpa_main.o)
                                         0x58 (size before relaxing)
                0x00000000402031fc                sdk_wpa_config_profile
 *fill*         0x0000000040203245        0x3 
 .text.sdk_wpa_config_bss
                0x0000000040203248       0x2f ./build/open_esplibs_libwpa.a(wpa_main.o)
                                         0x37 (size before relaxing)
                0x0000000040203248                sdk_wpa_config_bss
 *fill*         0x0000000040203277        0x1 
 .text.sdk_eagle_auth_done
                0x0000000040203278      0x105 ./build/open_esplibs_libwpa.a(wpa_main.o)
                                        0x18c (size before relaxing)
                0x0000000040203298                sdk_eagle_auth_done
 *fill*         0x000000004020337d        0x3 
 .text.sdk_wpa_neg_complete
                0x0000000040203380        0xf ./build/open_esplibs_libwpa.a(wpa_main.o)
                                         0x17 (size before relaxing)
                0x0000000040203380                sdk_wpa_neg_complete
 *fill*         0x000000004020338f        0x1 
 .text.sdk_wpa_attach
                0x0000000040203390       0x4f ./build/open_esplibs_libwpa.a(wpa_main.o)
                                         0x5f (size before relaxing)
                0x00000000402033a8                sdk_wpa_attach
 *fill*         0x00000000402033df        0x1 
 .text.prvResetNextTaskUnblockTime
                0x00000000402033e0       0x39 ./build/freertos.a(tasks.o)
 *fill*         0x0000000040203419        0x3 
 .text.prvAddCurrentTaskToDelayedList
                0x000000004020341c       0xa4 ./build/freertos.a(tasks.o)
                                         0xc4 (size before relaxing)
 .text.prvIdleTask
                0x00000000402034c0       0x83 ./build/freertos.a(tasks.o)
                                         0x9f (size before relaxing)
 *fill*         0x0000000040203543        0x1 
 .text.xTaskCreate
                0x0000000040203544      0x23d ./build/freertos.a(tasks.o)
                                        0x2bd (size before relaxing)
                0x0000000040203574                xTaskCreate
 *fill*         0x0000000040203781        0x3 
 .text.vTaskDelete
                0x0000000040203784       0xcd ./build/freertos.a(tasks.o)
                                        0x121 (size before relaxing)
                0x0000000040203788                vTaskDelete
 *fill*         0x0000000040203851        0x3 
 .text.vTaskStartScheduler
                0x0000000040203854       0xa0 ./build/freertos.a(tasks.o)
                                         0xd3 (size before relaxing)
                0x000000004020386c                vTaskStartScheduler
 *fill*         0x00000000402038f4        0x0 
 .text.vTaskSuspendAll
                0x00000000402038f4       0x11 ./build/freertos.a(tasks.o)
                                         0x15 (size before relaxing)
                0x00000000402038f4                vTaskSuspendAll
 *fill*         0x0000000040203905        0x3 
 .text.xTaskGetTickCount
                0x0000000040203908       0x27 ./build/freertos.a(tasks.o)
                                         0x33 (size before relaxing)
                0x0000000040203908                xTaskGetTickCount
 *fill*         0x000000004020392f        0x1 
 .text.xTaskIncrementTick
                0x0000000040203930      0x127 ./build/freertos.a(tasks.o)
                                        0x167 (size before relaxing)
                0x000000004020393c                xTaskIncrementTick
 *fill*         0x0000000040203a57        0x1 
 .text.xTaskResumeAll
                0x0000000040203a58       0xf7 ./build/freertos.a(tasks.o)
                                        0x147 (size before relaxing)
                0x0000000040203a60                xTaskResumeAll
 *fill*         0x0000000040203b4f        0x1 
 .text.vTaskDelay
                0x0000000040203b50       0x50 ./build/freertos.a(tasks.o)
                                         0x74 (size before relaxing)
                0x0000000040203b50                vTaskDelay
 .text.vTaskSwitchContext
                0x0000000040203ba0       0xea ./build/freertos.a(tasks.o)
                                        0x10a (size before relaxing)
                0x0000000040203bac                vTaskSwitchContext
 *fill*         0x0000000040203c8a        0x2 
 .text.vTaskPlaceOnEventList
                0x0000000040203c8c       0x41 ./build/freertos.a(tasks.o)
                                         0x5d (size before relaxing)
                0x0000000040203c90                vTaskPlaceOnEventList
 *fill*         0x0000000040203ccd        0x3 
 .text.vTaskPlaceOnEventListRestricted
                0x0000000040203cd0       0x4a ./build/freertos.a(tasks.o)
                                         0x66 (size before relaxing)
                0x0000000040203cd4                vTaskPlaceOnEventListRestricted
 *fill*         0x0000000040203d1a        0x2 
 .text.xTaskRemoveFromEventList
                0x0000000040203d1c       0x87 ./build/freertos.a(tasks.o)
                                         0xcb (size before relaxing)
                0x0000000040203d20                xTaskRemoveFromEventList
 *fill*         0x0000000040203da3        0x1 
 .text.vTaskInternalSetTimeOutState
                0x0000000040203da4       0x16 ./build/freertos.a(tasks.o)
                                         0x1e (size before relaxing)
                0x0000000040203da4                vTaskInternalSetTimeOutState
 *fill*         0x0000000040203dba        0x2 
 .text.xTaskCheckForTimeOut
                0x0000000040203dbc       0x99 ./build/freertos.a(tasks.o)
                                         0xb9 (size before relaxing)
                0x0000000040203dc4                xTaskCheckForTimeOut
 *fill*         0x0000000040203e55        0x3 
 .text.vTaskMissedYield
                0x0000000040203e58        0xc ./build/freertos.a(tasks.o)
                                         0x10 (size before relaxing)
                0x0000000040203e58                vTaskMissedYield
 .text.uxTaskGetStackHighWaterMark
                0x0000000040203e64       0x2c ./build/freertos.a(tasks.o)
                                         0x30 (size before relaxing)
                0x0000000040203e64                uxTaskGetStackHighWaterMark
 .text.xTaskGetCurrentTaskHandle
                0x0000000040203e90        0xa ./build/freertos.a(tasks.o)
                                          0xe (size before relaxing)
                0x0000000040203e90                xTaskGetCurrentTaskHandle
 *fill*         0x0000000040203e9a        0x2 
 .text.xTaskGetSchedulerState
                0x0000000040203e9c       0x1e ./build/freertos.a(tasks.o)
                                         0x26 (size before relaxing)
                0x0000000040203e9c                xTaskGetSchedulerState
 *fill*         0x0000000040203eba        0x2 
 .text.xTaskPriorityInherit
                0x0000000040203ebc       0xaa ./build/freertos.a(tasks.o)
                                         0xc2 (size before relaxing)
                0x0000000040203ebc                xTaskPriorityInherit
 *fill*         0x0000000040203f66        0x2 
 .text.xTaskPriorityDisinherit
                0x0000000040203f68       0x92 ./build/freertos.a(tasks.o)
                                         0xbe (size before relaxing)
                0x0000000040203f70                xTaskPriorityDisinherit
 *fill*         0x0000000040203ffa        0x2 
 .text.vTaskPriorityDisinheritAfterTimeout
                0x0000000040203ffc       0xb3 ./build/freertos.a(tasks.o)
                                         0xd3 (size before relaxing)
                0x0000000040204004                vTaskPriorityDisinheritAfterTimeout
 *fill*         0x00000000402040af        0x1 
 .text.pvTaskIncrementMutexHeldCount
                0x00000000402040b0       0x1f ./build/freertos.a(tasks.o)
                                         0x23 (size before relaxing)
                0x00000000402040b0                pvTaskIncrementMutexHeldCount
 *fill*         0x00000000402040cf        0x1 
 .text.xTaskNotifyWait
                0x00000000402040d0       0xdf ./build/freertos.a(tasks.o)
                                         0xff (size before relaxing)
                0x00000000402040d0                xTaskNotifyWait
 *fill*         0x00000000402041af        0x1 
 .text.xTaskGenericNotify
                0x00000000402041b0       0xef ./build/freertos.a(tasks.o)
                                        0x123 (size before relaxing)
                0x00000000402041b8                xTaskGenericNotify
 *fill*         0x000000004020429f        0x1 
 .text.xTaskGenericNotifyFromISR
                0x00000000402042a0      0x139 ./build/freertos.a(tasks.o)
                                        0x17d (size before relaxing)
                0x00000000402042ac                xTaskGenericNotifyFromISR
 *fill*         0x00000000402043d9        0x3 
 .text.prvCheckForValidListAndQueue
                0x00000000402043dc       0x69 ./build/freertos.a(timers.o)
                                         0x89 (size before relaxing)
 *fill*         0x0000000040204445        0x3 
 .text.prvInsertTimerInActiveList
                0x0000000040204448       0x45 ./build/freertos.a(timers.o)
                                         0x59 (size before relaxing)
 *fill*         0x000000004020448d        0x3 
 .text.xTimerCreateTimerTask
                0x0000000040204490       0x49 ./build/freertos.a(timers.o)
                                         0x61 (size before relaxing)
                0x00000000402044a0                xTimerCreateTimerTask
 *fill*         0x00000000402044d9        0x3 
 .text.xTimerCreate
                0x00000000402044dc       0x59 ./build/freertos.a(timers.o)
                                         0x75 (size before relaxing)
                0x00000000402044dc                xTimerCreate
 *fill*         0x0000000040204535        0x3 
 .text.xTimerGenericCommand
                0x0000000040204538       0x7f ./build/freertos.a(timers.o)
                                         0x9f (size before relaxing)
                0x0000000040204538                xTimerGenericCommand
 *fill*         0x00000000402045b7        0x1 
 .text.prvSwitchTimerLists
                0x00000000402045b8       0x80 ./build/freertos.a(timers.o)
                                         0xa6 (size before relaxing)
 *fill*         0x0000000040204638        0x0 
 .text.prvTimerTask
                0x0000000040204638      0x1bb ./build/freertos.a(timers.o)
                                        0x253 (size before relaxing)
 *fill*         0x00000000402047f3        0x1 
 .text.pvTimerGetTimerID
                0x00000000402047f4       0x2d ./build/freertos.a(timers.o)
                                         0x41 (size before relaxing)
                0x00000000402047f4                pvTimerGetTimerID
 *fill*         0x0000000040204821        0x3 
 .text.vAssertCalled
                0x0000000040204824       0x22 ./build/freertos.a(port.o)
                                         0x26 (size before relaxing)
                0x000000004020482c                vAssertCalled
 *fill*         0x0000000040204846        0x2 
 .text.pxPortInitialiseStack
                0x0000000040204848       0x37 ./build/freertos.a(port.o)
                0x000000004020484c                pxPortInitialiseStack
 *fill*         0x000000004020487f        0x1 
 .text.xPortSysTickHandle
                0x0000000040204880       0x14 ./build/freertos.a(port.o)
                                         0x23 (size before relaxing)
                0x0000000040204880                xPortSysTickHandle
 *fill*         0x0000000040204894        0x0 
 .text.xPortStartScheduler
                0x0000000040204894       0x7e ./build/freertos.a(port.o)
                                         0x8e (size before relaxing)
                0x00000000402048a8                xPortStartScheduler
 *fill*         0x0000000040204912        0x2 
 .text.xPortGetFreeHeapSize
                0x0000000040204914       0x28 ./build/freertos.a(port.o)
                                         0x38 (size before relaxing)
                0x0000000040204914                xPortGetFreeHeapSize
 .text.xTaskGenericCreate
                0x000000004020493c       0x15 ./build/freertos.a(port.o)
                                         0x19 (size before relaxing)
                0x000000004020493c                xTaskGenericCreate
 *fill*         0x0000000040204951        0x3 
 .text.xQueueGenericReceive
                0x0000000040204954       0x1e ./build/freertos.a(port.o)
                                         0x2d (size before relaxing)
                0x0000000040204958                xQueueGenericReceive
 *fill*         0x0000000040204972        0x2 
 .text.prvCopyDataToQueue
                0x0000000040204974       0xa7 ./build/freertos.a(queue.o)
                                         0xb3 (size before relaxing)
 *fill*         0x0000000040204a1b        0x1 
 .text.prvCopyDataFromQueue
                0x0000000040204a1c       0x2b ./build/freertos.a(queue.o)
                                         0x2f (size before relaxing)
 *fill*         0x0000000040204a47        0x1 
 .text.prvUnlockQueue
                0x0000000040204a48       0xc4 ./build/freertos.a(queue.o)
                                         0xec (size before relaxing)
 .text.xQueueGenericReset
                0x0000000040204b0c       0x85 ./build/freertos.a(queue.o)
                                         0xa5 (size before relaxing)
                0x0000000040204b10                xQueueGenericReset
 *fill*         0x0000000040204b91        0x3 
 .text.xQueueGenericCreate
                0x0000000040204b94       0x6c ./build/freertos.a(queue.o)
                                         0x80 (size before relaxing)
                0x0000000040204b94                xQueueGenericCreate
 .text.xQueueGenericSend
                0x0000000040204c00      0x17a ./build/freertos.a(queue.o)
                                        0x20e (size before relaxing)
                0x0000000040204c00                xQueueGenericSend
 *fill*         0x0000000040204d7a        0x2 
 .text.xQueueCreateMutex
                0x0000000040204d7c       0x31 ./build/freertos.a(queue.o)
                                         0x3d (size before relaxing)
                0x0000000040204d7c                xQueueCreateMutex
 *fill*         0x0000000040204dad        0x3 
 .text.xQueueGiveMutexRecursive
                0x0000000040204db0       0x4b ./build/freertos.a(queue.o)
                                         0x5f (size before relaxing)
                0x0000000040204db0                xQueueGiveMutexRecursive
 *fill*         0x0000000040204dfb        0x1 
 .text.xQueueGenericSendFromISR
                0x0000000040204dfc       0xc3 ./build/freertos.a(queue.o)
                                         0xf3 (size before relaxing)
                0x0000000040204dfc                xQueueGenericSendFromISR
 *fill*         0x0000000040204ebf        0x1 
 .text.xQueueReceive
                0x0000000040204ec0      0x171 ./build/freertos.a(queue.o)
                                        0x209 (size before relaxing)
                0x0000000040204ec0                xQueueReceive
 *fill*         0x0000000040205031        0x3 
 .text.xQueueSemaphoreTake
                0x0000000040205034      0x1c4 ./build/freertos.a(queue.o)
                                        0x27c (size before relaxing)
                0x0000000040205034                xQueueSemaphoreTake
 .text.xQueueTakeMutexRecursive
                0x00000000402051f8       0x53 ./build/freertos.a(queue.o)
                                         0x63 (size before relaxing)
                0x00000000402051f8                xQueueTakeMutexRecursive
 *fill*         0x000000004020524b        0x1 
 .text.uxQueueMessagesWaiting
                0x000000004020524c       0x30 ./build/freertos.a(queue.o)
                                         0x44 (size before relaxing)
                0x000000004020524c                uxQueueMessagesWaiting
 .text.uxQueueMessagesWaitingFromISR
                0x000000004020527c       0x26 ./build/freertos.a(queue.o)
                                         0x2e (size before relaxing)
                0x000000004020527c                uxQueueMessagesWaitingFromISR
 *fill*         0x00000000402052a2        0x2 
 .text.vQueueDelete
                0x00000000402052a4       0x29 ./build/freertos.a(queue.o)
                                         0x35 (size before relaxing)
                0x00000000402052a4                vQueueDelete
 *fill*         0x00000000402052cd        0x3 
 .text.vQueueWaitForMessageRestricted
                0x00000000402052d0       0x6f ./build/freertos.a(queue.o)
                                         0x7f (size before relaxing)
                0x00000000402052d0                vQueueWaitForMessageRestricted
 *fill*         0x000000004020533f        0x1 
 .text.low_level_output
                0x0000000040205340       0x5e ./build/lwip.a(esp_interface.o)
                                         0x7a (size before relaxing)
 *fill*         0x000000004020539e        0x2 
 .text.pp_recycle_rx_pbuf
                0x00000000402053a0       0x38 ./build/lwip.a(esp_interface.o)
                                         0x44 (size before relaxing)
                0x00000000402053a4                pp_recycle_rx_pbuf
 .text.ooseq_bytes_limit
                0x00000000402053d8        0x9 ./build/lwip.a(esp_interface.o)
                0x00000000402053dc                ooseq_bytes_limit
 *fill*         0x00000000402053e1        0x3 
 .text.ooseq_pbufs_limit
                0x00000000402053e4       0x41 ./build/lwip.a(esp_interface.o)
                                         0x49 (size before relaxing)
                0x00000000402053e4                ooseq_pbufs_limit
 *fill*         0x0000000040205425        0x3 
 .text.ethernetif_input
                0x0000000040205428       0x87 ./build/lwip.a(esp_interface.o)
                                         0x9e (size before relaxing)
                0x0000000040205434                ethernetif_input
 *fill*         0x00000000402054af        0x1 
 .text.sdk_pbuf_alloc
                0x00000000402054b0       0x33 ./build/lwip.a(esp_interface.o)
                                         0x3b (size before relaxing)
                0x00000000402054b0                sdk_pbuf_alloc
 *fill*         0x00000000402054e3        0x1 
 .text.ethernetif_init
                0x00000000402054e4       0x34 ./build/lwip.a(esp_interface.o)
                0x00000000402054ec                ethernetif_init
 .text.sys_sem_new
                0x0000000040205518       0x41 ./build/lwip.a(sys_arch.o)
                                         0x4d (size before relaxing)
                0x0000000040205518                sys_sem_new
 *fill*         0x0000000040205559        0x3 
 .text.sys_sem_free
                0x000000004020555c       0x1e ./build/lwip.a(sys_arch.o)
                                         0x22 (size before relaxing)
                0x000000004020555c                sys_sem_free
 *fill*         0x000000004020557a        0x2 
 .text.sys_sem_signal
                0x000000004020557c       0x17 ./build/lwip.a(sys_arch.o)
                                         0x1f (size before relaxing)
                0x000000004020557c                sys_sem_signal
 *fill*         0x0000000040205593        0x1 
 .text.sys_arch_sem_wait
                0x0000000040205594       0x4c ./build/lwip.a(sys_arch.o)
                                         0x58 (size before relaxing)
                0x0000000040205594                sys_arch_sem_wait
 .text.sys_mutex_new
                0x00000000402055e0       0x2b ./build/lwip.a(sys_arch.o)
                                         0x2f (size before relaxing)
                0x00000000402055e0                sys_mutex_new
 *fill*         0x000000004020560b        0x1 
 .text.sys_mbox_new
                0x000000004020560c       0x2f ./build/lwip.a(sys_arch.o)
                                         0x33 (size before relaxing)
                0x000000004020560c                sys_mbox_new
 *fill*         0x000000004020563b        0x1 
 .text.sys_mbox_free
                0x000000004020563c       0x31 ./build/lwip.a(sys_arch.o)
                                         0x41 (size before relaxing)
                0x0000000040205640                sys_mbox_free
 *fill*         0x000000004020566d        0x3 
 .text.sys_mbox_trypost
                0x0000000040205670       0x2b ./build/lwip.a(sys_arch.o)
                                         0x2f (size before relaxing)
                0x0000000040205670                sys_mbox_trypost
 *fill*         0x000000004020569b        0x1 
 .text.sys_arch_mbox_fetch
                0x000000004020569c       0x4c ./build/lwip.a(sys_arch.o)
                                         0x60 (size before relaxing)
                0x000000004020569c                sys_arch_mbox_fetch
 .text.sys_arch_mbox_tryfetch
                0x00000000402056e8       0x2f ./build/lwip.a(sys_arch.o)
                                         0x33 (size before relaxing)
                0x00000000402056e8                sys_arch_mbox_tryfetch
 *fill*         0x0000000040205717        0x1 
 .text.sys_now  0x0000000040205718       0x15 ./build/lwip.a(sys_arch.o)
                                         0x1d (size before relaxing)
                0x0000000040205718                sys_now
 *fill*         0x000000004020572d        0x3 
 .text.sys_thread_new
                0x0000000040205730       0x2a ./build/lwip.a(sys_arch.o)
                                         0x2e (size before relaxing)
                0x0000000040205730                sys_thread_new
 *fill*         0x000000004020575a        0x2 
 .text.sys_arch_protect
                0x000000004020575c       0x20 ./build/lwip.a(sys_arch.o)
                                         0x24 (size before relaxing)
                0x0000000040205760                sys_arch_protect
 .text.sys_arch_unprotect
                0x000000004020577c       0x2d ./build/lwip.a(sys_arch.o)
                                         0x39 (size before relaxing)
                0x0000000040205780                sys_arch_unprotect
 *fill*         0x00000000402057a9        0x3 
 .text.sys_lock_tcpip_core
                0x00000000402057ac       0x43 ./build/lwip.a(sys_arch.o)
                                         0x4f (size before relaxing)
                0x00000000402057b8                sys_lock_tcpip_core
 *fill*         0x00000000402057ef        0x1 
 .text.sys_unlock_tcpip_core
                0x00000000402057f0       0x2b ./build/lwip.a(sys_arch.o)
                                         0x3f (size before relaxing)
                0x00000000402057f0                sys_unlock_tcpip_core
 *fill*         0x000000004020581b        0x1 
 .text.sys_mark_tcpip_thread
                0x000000004020581c       0x18 ./build/lwip.a(sys_arch.o)
                                         0x20 (size before relaxing)
                0x0000000040205820                sys_mark_tcpip_thread
 .text.sys_check_core_locking
                0x0000000040205834       0x31 ./build/lwip.a(sys_arch.o)
                                         0x4c (size before relaxing)
                0x0000000040205838                sys_check_core_locking
 *fill*         0x0000000040205865        0x3 
 .text.tcpip_thread
                0x0000000040205868       0xb7 ./build/lwip.a(tcpip.o)
                                        0x10b (size before relaxing)
 *fill*         0x000000004020591f        0x1 
 .text.tcpip_inpkt
                0x0000000040205920       0x5b ./build/lwip.a(tcpip.o)
                                         0x77 (size before relaxing)
                0x0000000040205920                tcpip_inpkt
 *fill*         0x000000004020597b        0x1 
 .text.tcpip_input
                0x000000004020597c       0x34 ./build/lwip.a(tcpip.o)
                                         0x43 (size before relaxing)
                0x0000000040205984                tcpip_input
 *fill*         0x00000000402059b0        0x0 
 .text.tcpip_try_callback
                0x00000000402059b0       0x51 ./build/lwip.a(tcpip.o)
                                         0x6d (size before relaxing)
                0x00000000402059b0                tcpip_try_callback
 *fill*         0x0000000040205a01        0x3 
 .text.tcpip_send_msg_wait_sem
                0x0000000040205a04       0x25 ./build/lwip.a(tcpip.o)
                                         0x35 (size before relaxing)
                0x0000000040205a04                tcpip_send_msg_wait_sem