Archive member included to satisfy reference by file (symbol)

./build/open_esplibs_libmain.a(ets_timer.o)
                              (--whole-archive)
./build/open_esplibs_libmain.a(misc.o)
                              (--whole-archive)
./build/open_esplibs_libmain.a(os_cpu_a.o)
                              (--whole-archive)
./build/open_esplibs_libmain.a(spi_flash.o)
                              (--whole-archive)
./build/open_esplibs_libmain.a(timers.o)
                              (--whole-archive)
./build/open_esplibs_libmain.a(uart.o)
                              (--whole-archive)
./build/open_esplibs_libmain.a(user_interface.o)
                              (--whole-archive)
./build/open_esplibs_libmain.a(xtensa_context.o)
                              (--whole-archive)
./build/open_esplibs_libnet80211.a(ieee80211_ets.o)
                              (--whole-archive)
./build/open_esplibs_libnet80211.a(ieee80211_hostap.o)
                              (--whole-archive)
./build/open_esplibs_libnet80211.a(ieee80211_input.o)
                              (--whole-archive)
./build/open_esplibs_libnet80211.a(ieee80211_sta.o)
                              (--whole-archive)
./build/open_esplibs_libnet80211.a(wl_cnx.o)
                              (--whole-archive)
./build/open_esplibs_libphy.a(phy.o)
                              (--whole-archive)
./build/open_esplibs_libphy.a(phy_chip_v6.o)
                              (--whole-archive)
./build/open_esplibs_libphy.a(phy_sleep.o)
                              (--whole-archive)
./build/open_esplibs_libpp.a(esf_buf.o)
                              (--whole-archive)
./build/open_esplibs_libpp.a(if_hwctrl.o)
                              (--whole-archive)
./build/open_esplibs_libpp.a(lmac.o)
                              (--whole-archive)
./build/open_esplibs_libpp.a(pm.o)
                              (--whole-archive)
./build/open_esplibs_libpp.a(pp.o)
                              (--whole-archive)
./build/open_esplibs_libpp.a(wdev.o)
                              (--whole-archive)
./build/open_esplibs_libwpa.a(os_xtensa.o)
                              (--whole-archive)
./build/open_esplibs_libwpa.a(wpa_main.o)
                              (--whole-archive)
./build/program.a(main.o)     ./build/open_esplibs_libmain.a(os_cpu_a.o) (xPortSysTickHandle)
./build/program.a(mcast_recv.o)
                              ./build/program.a(main.o) (connect_mcast)
./build/program.a(mp3_decoder.o)
                              ./build/program.a(main.o) (configureMp3)
./build/wifi_config.a(wifi_config.o)
                              ./build/program.a(main.o) (wifi_config_init)
./build/wifi_config.a(form_urlencoded.o)
                              ./build/wifi_config.a(wifi_config.o) (form_params_parse)
./build/freertos.a(queue.o)   ./build/program.a(main.o) (xQueueGenericCreate)
./build/freertos.a(tasks.o)   ./build/open_esplibs_libmain.a(os_cpu_a.o) (pxCurrentTCB)
./build/freertos.a(timers.o)  ./build/freertos.a(tasks.o) (xTimerCreateTimerTask)
./build/freertos.a(list.o)    ./build/freertos.a(queue.o) (vListInitialise)
./build/lwip.a(esp_interface.o)
                              ./build/open_esplibs_libnet80211.a(ieee80211_input.o) (ethernetif_input)
./build/lwip.a(sys_arch.o)    ./build/open_esplibs_libmain.a(user_interface.o) (sys_lock_tcpip_core)
./build/lwip.a(sockets.o)     ./build/wifi_config.a(wifi_config.o) (lwip_accept)
./build/lwip.a(tcpip.o)       ./build/open_esplibs_libnet80211.a(ieee80211_hostap.o) (tcpip_input)
./build/lwip.a(def.o)         ./build/wifi_config.a(wifi_config.o) (lwip_htons)
./build/lwip.a(init.o)        ./build/lwip.a(tcpip.o) (lwip_init)
./build/lwip.a(mem.o)         ./build/lwip.a(init.o) (mem_init)
./build/lwip.a(memp.o)        ./build/lwip.a(init.o) (memp_init)
./build/lwip.a(netif.o)       ./build/lwip.a(init.o) (netif_init)
./build/lwip.a(pbuf.o)        ./build/open_esplibs_libnet80211.a(ieee80211_input.o) (pbuf_alloc_reference)
./build/lwip.a(tcp.o)         ./build/lwip.a(init.o) (tcp_init)
./build/lwip.a(tcp_in.o)      ./build/lwip.a(tcp.o) (tcp_input_pcb)
./build/lwip.a(tcp_out.o)     ./build/lwip.a(tcp.o) (tcp_split_unsent_seg)
./build/lwip.a(timeouts.o)    ./build/lwip.a(init.o) (sys_timeouts_init)
./build/lwip.a(udp.o)         ./build/lwip.a(init.o) (udp_init)
./build/lwip.a(dhcp.o)        ./build/lwip.a(netif.o) (dhcp_network_changed)
./build/lwip.a(etharp.o)      ./build/lwip.a(netif.o) (etharp_cleanup_netif)
./build/lwip.a(icmp.o)        ./build/lwip.a(udp.o) (icmp_dest_unreach)
./build/lwip.a(igmp.o)        ./build/lwip.a(init.o) (igmp_init)
./build/lwip.a(ip4.o)         ./build/lwip.a(tcp.o) (ip4_route)
./build/lwip.a(ip4_addr.o)    ./build/lwip.a(tcp_in.o) (ip4_addr_isbroadcast_u32)
./build/lwip.a(ip4_frag.o)    ./build/lwip.a(timeouts.o) (ip_reass_tmr)
./build/lwip.a(ethernet.o)    ./build/lwip.a(etharp.o) (ethbroadcast)
[...]
Memory Configuration

Name             Origin             Length             Attributes
dport0_0_seg     0x000000003ff00000 0x0000000000000010
dram0_0_seg      0x000000003ffe8000 0x0000000000014000
iram1_0_seg      0x0000000040100000 0x0000000000008000
irom0_0_seg      0x0000000040202010 0x00000000000fdff0
*default*        0x0000000000000000 0xffffffffffffffff

Linker script and memory map

LOAD ./build/open_esplibs_libmain.a
LOAD ./build/open_esplibs_libnet80211.a
LOAD ./build/open_esplibs_libphy.a
LOAD ./build/open_esplibs_libpp.a
LOAD ./build/open_esplibs_libwpa.a
START GROUP
LOAD ./build/program.a
LOAD ./build/dhcpserver.a
LOAD ./build/http-parser.a
LOAD ./build/wifi_config.a
LOAD ./build/freertos.a
LOAD ./build/lwip.a
LOAD ./build/core.a
LOAD ./build/open_esplibs.a
LOAD ./build/libgcc.a
LOAD ./build/libc.a
LOAD /Volumes/case-sensitive/esp-open-sdk/xtensa-lx106-elf/xtensa-lx106-elf/sysroot/usr/lib/libhal.a
LOAD ./build/sdklib/libmain.a
LOAD ./build/sdklib/libnet80211.a
LOAD ./build/sdklib/libphy.a
LOAD ./build/sdklib/libpp.a
LOAD ./build/sdklib/libwpa.a
END GROUP
                0x0000000040105954                pvPortMalloc = malloc
                0x0000000040105970                vPortFree = free
                0x0000000040105c6c                ets_printf = printf
                [!provide]                        PROVIDE (_memmap_vecbase_reset, 0x40000000)
                0x0000000000000110                _memmap_cacheattr_wb_base = 0x110
                0x0000000000000110                _memmap_cacheattr_wt_base = 0x110
                0x0000000000000220                _memmap_cacheattr_bp_base = 0x220
                0x00000000fffff00f                _memmap_cacheattr_unused_mask = 0xfffff00f
                0x000000002222211f                _memmap_cacheattr_wb_trapnull = 0x2222211f
                0x000000002222211f                _memmap_cacheattr_wba_trapnull = 0x2222211f
                0x000000002222211f                _memmap_cacheattr_wbna_trapnull = 0x2222211f
                0x000000002222211f                _memmap_cacheattr_wt_trapnull = 0x2222211f
                0x000000002222222f                _memmap_cacheattr_bp_trapnull = 0x2222222f
                0x00000000fffff11f                _memmap_cacheattr_wb_strict = 0xfffff11f
                0x00000000fffff11f                _memmap_cacheattr_wt_strict = 0xfffff11f
                0x00000000fffff22f                _memmap_cacheattr_bp_strict = 0xfffff22f
                0x0000000022222112                _memmap_cacheattr_wb_allvalid = 0x22222112
                0x0000000022222112                _memmap_cacheattr_wt_allvalid = 0x22222112
                0x0000000022222222                _memmap_cacheattr_bp_allvalid = 0x22222222
                [!provide]                        PROVIDE (_memmap_cacheattr_reset, _memmap_cacheattr_wb_trapnull)

.dport0.rodata  0x000000003ff00000        0x0
                0x000000003ff00000                _dport0_rodata_start = ABSOLUTE (.)
 *(.dport0.rodata)
 *(.dport.rodata)
                0x000000003ff00000                _dport0_rodata_end = ABSOLUTE (.)

.dport0.literal
                0x000000003ff00000        0x0
                0x000000003ff00000                _dport0_literal_start = ABSOLUTE (.)
 *(.dport0.literal)
 *(.dport.literal)
                0x000000003ff00000                _dport0_literal_end = ABSOLUTE (.)

.dport0.data    0x000000003ff00000        0x0
                0x000000003ff00000                _dport0_data_start = ABSOLUTE (.)
 *(.dport0.data)
 *(.dport.data)
                0x000000003ff00000                _dport0_data_end = ABSOLUTE (.)

.text           0x0000000040100000     0x6b22
                0x0000000040100000                _stext = .
                0x0000000040100000                _text_start = ABSOLUTE (.)
                0x0000000040100000                . = ALIGN (0x10)
 *(.vecbase.text)
 .vecbase.text  0x0000000040100000      0x3b2 ./build/core.a(exception_vectors.o)
                0x0000000040100000                VecBase
                0x000000004010023c                call_user_start
                0x000000004010039e                _xt_user_exit
 *(.entry.text)
 *(.init.literal)
 *(.init)
 *(.iram1.*)
 *fill*         0x00000000401003b2        0x2 
 .iram1.text    0x00000000401003b4       0x4b ./build/open_esplibs_libmain.a(ets_timer.o)
                                         0x4f (size before relaxing)
 *fill*         0x00000000401003ff        0x1 
 .iram1.text    0x0000000040100400        0xb ./build/open_esplibs_libmain.a(misc.o)
                0x0000000040100404                sdk_os_get_cpu_frequency
 *fill*         0x000000004010040b        0x1 
 .iram1.text    0x000000004010040c      0x129 ./build/open_esplibs_libmain.a(os_cpu_a.o)
                                        0x175 (size before relaxing)
                0x000000004010040c                vPortYield
                0x0000000040100444                sdk__xt_int_enter
                0x000000004010045c                sdk__xt_int_exit
                0x000000004010048c                sdk__xt_timer_int
                0x00000000401004c8                sdk__xt_timer_int1
                0x00000000401004dc                sdk__xt_tick_timer_init
                0x0000000040100508                sdk__xt_isr_unmask
                0x0000000040100518                sdk__xt_isr_mask
                0x0000000040100528                sdk__xt_read_ints
                0x0000000040100530                sdk__xt_clear_ints
 *fill*         0x0000000040100535        0x3 
 .iram1.text    0x0000000040100538      0x3a8 ./build/open_esplibs_libmain.a(spi_flash.o)
                                        0x478 (size before relaxing)
                0x0000000040100560                sdk_SPIReadModeCnfig
                0x00000000401005e0                sdk_SPIWrite
                0x00000000401006a0                sdk_SPIRead
                0x00000000401006d0                sdk_SPIEraseSector
                0x0000000040100730                sdk_spi_flash_get_id
                0x000000004010078c                sdk_spi_flash_read_status
                0x00000000401007cc                sdk_spi_flash_write_status
                0x0000000040100808                sdk_spi_flash_erase_sector
                0x000000004010083c                sdk_spi_flash_write
                0x000000004010088c                sdk_spi_flash_read
 .iram1.text    0x00000000401008e0      0x1cd ./build/open_esplibs_libmain.a(user_interface.o)
                                        0x1e8 (size before relaxing)
                0x00000000401008e4                sdk_system_rtc_mem_write
                0x0000000040100948                sdk_system_rtc_mem_read
                0x00000000401009bc                sdk_system_restart_in_nmi
 *fill*         0x0000000040100aad        0x3 
 .iram1.text    0x0000000040100ab0      0x1c2 ./build/open_esplibs_libnet80211.a(ieee80211_hostap.o)
                                        0x1d6 (size before relaxing)
 *fill*         0x0000000040100c72        0x2 
 .iram1.text    0x0000000040100c74       0x59 ./build/open_esplibs_libnet80211.a(ieee80211_input.o)
                0x0000000040100c80                sdk_ieee80211_deliver_data
 *fill*         0x0000000040100ccd        0x3 
 .iram1.text    0x0000000040100cd0       0x5c ./build/open_esplibs_libwpa.a(os_xtensa.o)
                                         0x68 (size before relaxing)
                0x0000000040100cd0                sdk_os_get_time
                0x0000000040100cd4                sdk_os_random
                0x0000000040100ce4                sdk_os_get_random
 .iram1.text    0x0000000040100d2c       0xdb ./build/program.a(main.o)
                                        0x103 (size before relaxing)
                0x0000000040100d34                SV_ISR
                0x0000000040100d7c                vPortEnterCritical
                0x0000000040100da4                vPortExitCritical
                0x0000000040100dd0                PendSV
 *fill*         0x0000000040100e07        0x1 
 .iram1.text    0x0000000040100e08      0x313 ./build/core.a(app_main.o)
                                        0x363 (size before relaxing)
                0x0000000040100e30                vApplicationStackOverflowHook
                0x0000000040100e5c                vApplicationIdleHook
                0x0000000040100e80                vApplicationTickHook
                0x0000000040100f04                sdk_user_start
 *fill*         0x000000004010111b        0x1 
 .iram1.text    0x000000004010111c       0xa0 ./build/core.a(debug_dumps.o)
                                         0xb8 (size before relaxing)
                0x000000004010117c                debug_exception_handler
                0x000000004010117c                fatal_exception_handler
                0x000000004010119c                abort
 .iram1.text    0x00000000401011bc       0x7c ./build/core.a(esp_gpio.o)
                0x00000000401011c4                gpio_interrupt_handler
 .iram1.text    0x0000000040101238        0xe ./build/core.a(esp_hwrand.o)
                                         0x12 (size before relaxing)
                0x0000000040101238                hwrand
 *fill*         0x0000000040101246        0x2 
 .iram1.text    0x0000000040101248       0xaa ./build/core.a(esp_interrupts.o)
                                         0xae (size before relaxing)
                0x000000004010124c                _xt_isr_attach
                0x0000000040101260                _xt_isr_handler
 *fill*         0x00000000401012f2        0x2 
 .iram1.text    0x00000000401012f4       0x26 ./build/core.a(esp_iomux.o)
                0x00000000401012f8                gpio_to_iomux
                0x000000004010130c                iomux_to_gpio
 *fill*         0x000000004010131a        0x2 
 .iram1.text    0x000000004010131c       0x34 ./build/core.a(newlib_syscalls.o)
                0x0000000040101328                _sbrk_r
 .iram1.text    0x0000000040101350       0x1b ./build/core.a(sdk_compat.o)
                0x0000000040101354                zalloc
 *fill*         0x000000004010136b        0x1 
 .iram1.text    0x000000004010136c       0x67 ./build/core.a(spiflash-cache-enable.o)
                                         0x7b (size before relaxing)
                0x000000004010137c                Cache_Read_Enable
 *fill*         0x00000000401013d3        0x1 
 .iram1.text    0x00000000401013d4      0x36b ./build/core.a(spiflash.o)
                                        0x41b (size before relaxing)
                0x00000000401014f8                spiflash_write
                0x00000000401015d4                spiflash_read
                0x00000000401016cc                spiflash_erase_sector
 *fill*         0x000000004010173f        0x0 
 *fill*         0x000000004010173f        0x0 
 *fill*         0x000000004010173f        0x0 
 *fill*         0x000000004010173f        0x1 
 .iram1.text    0x0000000040101740       0x3d ./build/open_esplibs_libmain.a(xtensa_context.o)
                0x0000000040101740                sdk__xt_context_save
                0x000000004010175c                sdk__xt_context_restore
 *fill*         0x000000004010177d        0x0 
 *fill*         0x000000004010177d        0x0 
 *fill*         0x000000004010177d        0x0 
 *fill*         0x000000004010177d        0x0 
 *fill*         0x000000004010177d        0x3 
 .iram1.data    0x0000000040101780        0x4 ./build/core.a(debug_dumps.o)
 *fill*         0x0000000040101784        0x0 
 *fill*         0x0000000040101784        0x0 
 *fill*         0x0000000040101784        0x0 
 .iram1.data    0x0000000040101784       0x80 ./build/core.a(esp_iomux.o)
 *fill*         0x0000000040101804        0x0 
 *fill*         0x0000000040101804        0x0 
 *sdklib*:*(.literal .text .literal.* .text.*)
 .text          0x0000000040101804        0xb ./build/sdklib/libnet80211.a(wl_chm.o)
                0x0000000040101808                sdk_chm_get_current_channel
 *fill*         0x000000004010180f        0x1 
 .text          0x0000000040101810       0x4f ./build/sdklib/libphy.a(phy.o)
                                         0x53 (size before relaxing)
                0x0000000040101818                sdk_register_phy_ops
                0x0000000040101838                sdk_phy_change_channel
                0x0000000040101854                sdk_phy_get_mactime
 *fill*         0x000000004010185f        0x1 
 .text          0x0000000040101860       0xf7 ./build/sdklib/libphy.a(phy_sleep.o)
                                        0x103 (size before relaxing)
                0x0000000040101870                sdk_pm_rtc_clock_cali
                0x000000004010192c                sdk_clockgate_watchdog
 *fill*         0x0000000040101957        0x1 
 .text          0x0000000040101958       0x94 ./build/sdklib/libpp.a(esf_buf.o)
                                         0xb4 (size before relaxing)
                0x000000004010195c                sdk_esf_rx_buf_alloc
 .text          0x00000000401019ec     0x14e0 ./build/sdklib/libpp.a(lmac.o)
                                       0x187c (size before relaxing)
                0x00000000401019f0                sdk_lmacIsActive
                0x0000000040101a04                sdk_lmacIsIdle
                0x0000000040101e4c                sdk_lmacSetAcParam
                0x0000000040101ee8                sdk_lmacProcessTXStartData
                0x0000000040102090                sdk_lmacProcessTxSuccess
                0x00000000401021d8                sdk_GetAccess
                0x00000000401021e4                sdk_lmacDiscardAgedMSDU
                0x00000000401021f8                sdk_lmacRecycleMPDU
                0x00000000401026d8                sdk_lmacProcessCollisions
                0x0000000040102734                sdk_lmacProcessCollision
                0x00000000401027b8                sdk_lmacMSDUAged
                0x0000000040102b3c                sdk_lmacProcessCtsTimeout
                0x0000000040102b84                sdk_lmacProcessAckTimeout
                0x0000000040102bd8                sdk_lmacProcessRtsStart
                0x0000000040102be4                sdk_lmacProcessTxRtsError
                0x0000000040102c7c                sdk_lmacProcessTxError
                0x0000000040102d00                sdk_lmacTxFrame
                0x0000000040102eb4                sdk_lmacRxDone
 .text          0x0000000040102ecc      0xe70 ./build/sdklib/libpp.a(pp.o)
                                       0x103c (size before relaxing)
                0x0000000040102efc                sdk_pp_soft_wdt_feed
                0x0000000040103010                sdk_ppProcessTxQ
                0x0000000040103100                sdk_ppFetchTxQFirstAvail
                0x0000000040103140                sdk_ppDequeueTxQ
                0x0000000040103168                sdk_ppRollBackTxQ
                0x000000004010318c                sdk_ppRecordBarRRC
                0x000000004010319c                sdk_ppTxqUpdateBitmap
                0x00000000401031c0                sdk_ppEnqueueTxDone
                0x00000000401031f4                sdk_ppEnqueueRxq
                0x00000000401039bc                sdk_ppDiscardMPDU
                0x00000000401039f0                sdk_MacIsrSigPostDefHdl
                0x0000000040103ae4                sdk_pp_post
                0x0000000040103be8                sdk_ppCalTxop
                0x0000000040103ccc                sdk_ppCalFrameTimes
 .text          0x0000000040103d3c       0xf5 ./build/sdklib/libpp.a(rate_control.o)
                                        0x109 (size before relaxing)
                0x0000000040103d5c                sdk_RC_GetAckRate
                0x0000000040103d68                sdk_RC_GetRtsRate
                0x0000000040103d78                sdk_RC_GetAckTime
                0x0000000040103d8c                sdk_RC_GetCtsTime
                0x0000000040103dc4                sdk_RC_GetBlockAckTime
 *fill*         0x0000000040103e31        0x3 
 .text          0x0000000040103e34      0x7f9 ./build/sdklib/libpp.a(trc.o)
                                        0x81d (size before relaxing)
                0x0000000040103fac                sdk_rcUpdateTxDone
                0x0000000040104040                sdk_rcUpdateRxDone
                0x000000004010409c                sdk_rcUpdateDataRxDone
                0x00000000401040b4                sdk_rcGetSched
                0x000000004010415c                sdk_rcGetRate
                0x0000000040104560                sdk_rcReachRetryLimit
                0x0000000040104578                sdk_trc_NeedRTS
 *fill*         0x000000004010462d        0x3 
 .text          0x0000000040104630     0x1163 ./build/sdklib/libpp.a(wdev.o)
                                       0x1473 (size before relaxing)
                0x0000000040104984                sdk_wDev_MacTimSetFunc
                0x00000000401049a4                sdk_wDev_MacTimArm
                0x0000000040104a48                sdk_wDev_MacTim1Arm
                0x0000000040104b24                sdk_wDev_ProcessFiq
                0x0000000040104ec8                sdk_wDev_EnableTransmit
                0x0000000040104f0c                sdk_wDev_DisableTransmit
                0x0000000040104f2c                sdk_Tx_Copy2Queue
                0x0000000040104f74                sdk_wDev_ProcessCollision
                0x0000000040104f98                sdk_wDev_GetTxqCollisions
                0x0000000040104fa8                sdk_wDev_ClearTxqCollisions
                0x0000000040104fc0                sdk_wDev_SetWaitingQueue
                0x000000004010500c                sdk_wDev_ClearWaitingQueue
                0x000000004010502c                sdk_wDev_SetFrameAckType
                0x0000000040105090                sdk_wDev_AppendRxBlocks
                0x0000000040105238                sdk_wDev_AppendRxAmpduLensBlocks
                0x0000000040105370                sdk_wDev_GetBAInfo
 *fill*         0x0000000040105793        0x1 
 .text          0x0000000040105794       0x25 ./build/sdklib/libnet80211.a(ieee80211_hostap.o)
 *fill*         0x00000000401057b9        0x0 
 *fill*         0x00000000401057b9        0x0 
 *fill*         0x00000000401057b9        0x3 
 .text          0x00000000401057bc        0x2 ./build/sdklib/libphy.a(phy_chip_v6.o)
                0x00000000401057bc                sdk_ram_tx_mac_disable
 *fill*         0x00000000401057be        0x0 
 *fill*         0x00000000401057be        0x0 
 *fill*         0x00000000401057be        0x0 
 *fill*         0x00000000401057be        0x0 
 *fill*         0x00000000401057be        0x2 
 .text          0x00000000401057c0       0x11 ./build/sdklib/libwpa.a(wpa_auth.o)
 *libgcc.a:*i3.o(.literal .text .literal.* .text.*)
 *fill*         0x00000000401057d1        0x3 
 .text          0x00000000401057d4       0x49 ./build/libgcc.a(_modsi3.o)
                0x00000000401057d4                __modsi3
 *fill*         0x000000004010581d        0x3 
 .text          0x0000000040105820       0x4c ./build/libgcc.a(_udivsi3.o)
                0x0000000040105820                __udivsi3
 .text          0x000000004010586c       0x18 ./build/libgcc.a(_ashrdi3.o)
                0x000000004010586c                __ashrdi3
 *libc.a:*malloc.o(.literal .text .literal.* .text.*)
 .literal       0x0000000040105884        0x4 ./build/libc.a(lib_a-malloc.o)
                                         0x10 (size before relaxing)
 .literal       0x0000000040105888        0x8 ./build/libc.a(lib_a-nano-mallocr.o)
                                         0x20 (size before relaxing)
 .literal       0x0000000040105890        0x0 ./build/libc.a(lib_a-nano-freer.o)
                                          0xc (size before relaxing)
 .literal       0x0000000040105890       0x28 ./build/libc.a(lib_a-rand.o)
                                         0x58 (size before relaxing)
 .literal       0x00000000401058b8        0xc ./build/libc.a(lib_a-mlock.o)
                                         0x10 (size before relaxing)
 .literal       0x00000000401058c4        0x0 ./build/libc.a(lib_a-printf.o)
                                          0xc (size before relaxing)
 .literal       0x00000000401058c4        0x0 ./build/libc.a(lib_a-sprintf.o)
                                         0x14 (size before relaxing)
 .literal       0x00000000401058c4        0x0 ./build/libc.a(lib_a-fprintf.o)
                                          0xc (size before relaxing)
 .literal       0x00000000401058c4       0x24 ./build/libc.a(lib_a-nano-svfprintf.o)
                                         0x54 (size before relaxing)
 .literal       0x00000000401058e8       0x1c ./build/libc.a(lib_a-nano-vfprintf.o)
                                         0x54 (size before relaxing)
 .literal       0x0000000040105904       0x48 ./build/libc.a(lib_a-findfp.o)
                                         0xa4 (size before relaxing)
 .literal       0x000000004010594c        0x8 ./build/libc.a(lib_a-fputwc.o)
                                         0x20 (size before relaxing)
 .text          0x0000000040105954       0x35 ./build/libc.a(lib_a-malloc.o)
                0x0000000040105954                malloc
                0x0000000040105970                free
 *libc.a:*mallocr.o(.literal .text .literal.* .text.*)
 *fill*         0x0000000040105989        0x3 
 .text          0x000000004010598c       0xed ./build/libc.a(lib_a-nano-mallocr.o)
                                         0xf1 (size before relaxing)
                0x000000004010598c                _malloc_r
 *fill*         0x0000000040105a79        0x0 
 *libc.a:*freer.o(.literal .text .literal.* .text.*)
 *fill*         0x0000000040105a79        0x3 
 .text          0x0000000040105a7c       0xb1 ./build/libc.a(lib_a-nano-freer.o)
                0x0000000040105a7c                _free_r
 *fill*         0x0000000040105b2d        0x0 
 *libc.a:*memcpy.o(.literal .text .literal.* .text.*)
 *libc.a:*memset.o(.literal .text .literal.* .text.*)
 *libc.a:*memcmp.o(.literal .text .literal.* .text.*)
 *libc.a:*memmove.o(.literal .text .literal.* .text.*)
 *libc.a:*rand.o(.literal .text .literal.* .text.*)
 *fill*         0x0000000040105b2d        0x3 
 .text          0x0000000040105b30       0xdd ./build/libc.a(lib_a-rand.o)
                                         0xe1 (size before relaxing)
                0x0000000040105b30                srand
                0x0000000040105b94                rand
 *fill*         0x0000000040105c0d        0x0 
 *libc.a:*bzero.o(.literal .text .literal.* .text.*)
 *libc.a:*lock.o(.literal .text .literal.* .text.*)
 *fill*         0x0000000040105c0d        0x3 
 .text          0x0000000040105c10       0x2d ./build/libc.a(lib_a-mlock.o)
                0x0000000040105c10                __malloc_lock
                0x0000000040105c28                __malloc_unlock
 *fill*         0x0000000040105c3d        0x0 
 *libc.a:*-printf.o(.literal .text .literal.* .text.*)
 *fill*         0x0000000040105c3d        0x3 
 .text          0x0000000040105c40       0x61 ./build/libc.a(lib_a-printf.o)
                                         0x65 (size before relaxing)
                0x0000000040105c40                _printf_r
                0x0000000040105c40                _iprintf_r
                0x0000000040105c6c                printf
                0x0000000040105c6c                iprintf
 *fill*         0x0000000040105ca1        0x0 
 *libc.a:*-sprintf.o(.literal .text .literal.* .text.*)
 *fill*         0x0000000040105ca1        0x3 
 .text          0x0000000040105ca4       0xb5 ./build/libc.a(lib_a-sprintf.o)
                                         0xb9 (size before relaxing)
                0x0000000040105ca4                _siprintf_r
                0x0000000040105ca4                _sprintf_r
                0x0000000040105cfc                sprintf
                0x0000000040105cfc                siprintf
 *fill*         0x0000000040105d59        0x0 
 *libc.a:*-fprintf.o(.literal .text .literal.* .text.*)
 *fill*         0x0000000040105d59        0x3 
 .text          0x0000000040105d5c       0x57 ./build/libc.a(lib_a-fprintf.o)
                                         0x5b (size before relaxing)
                0x0000000040105d5c                _fprintf_r
                0x0000000040105d5c                _fiprintf_r
                0x0000000040105d80                fprintf
                0x0000000040105d80                fiprintf
 *fill*         0x0000000040105db3        0x0 
 *libc.a:*-svfprintf.o(.literal .text .literal.* .text.*)
 *fill*         0x0000000040105db3        0x1 
 .text          0x0000000040105db4      0x4c5 ./build/libc.a(lib_a-nano-svfprintf.o)
                0x0000000040105db4                __ssputs_r
                0x0000000040105eb0                __ssprint_r
                0x0000000040105fe4                _svfprintf_r
                0x0000000040105fe4                _svfiprintf_r
 *fill*         0x0000000040106279        0x0 
 *libc.a:*-vfprintf.o(.literal .text .literal.* .text.*)
 *fill*         0x0000000040106279        0x3 
 .text          0x000000004010627c      0x43b ./build/libc.a(lib_a-nano-vfprintf.o)
                                        0x43f (size before relaxing)
                0x00000000401062b4                __sfputs_r
                0x0000000040106324                __sprint_r
                0x00000000401063b4                _vfiprintf_r
                0x00000000401063b4                _vfprintf_r
                0x0000000040106690                vfiprintf
                0x0000000040106690                vfprintf
 *fill*         0x00000000401066b7        0x0 
 *libc.a:*findfp.o(.literal .text .literal.* .text.*)
 *fill*         0x00000000401066b7        0x1 
 .text          0x00000000401066b8      0x317 ./build/libc.a(lib_a-findfp.o)
                0x0000000040106710                _cleanup_r
                0x00000000401067a8                __sfmoreglue
                0x00000000401067f0                _cleanup
                0x0000000040106804                __sfp_lock_acquire
                0x000000004010681c                __sfp_lock_release
                0x0000000040106834                __sinit_lock_acquire
                0x000000004010684c                __sinit_lock_release
                0x0000000040106864                __sinit
                0x00000000401068e0                __sfp
                0x0000000040106990                __fp_lock_all
                0x00000000401069b0                __fp_unlock_all
 *fill*         0x00000000401069cf        0x0 
 *libc.a:*fputwc.o(.literal .text .literal.* .text.*)
 *fill*         0x00000000401069cf        0x1 
 .text          0x00000000401069d0      0x152 ./build/libc.a(lib_a-fputwc.o)
                                        0x156 (size before relaxing)
                0x00000000401069d0                __fputwc
                0x0000000040106a78                _fputwc_r
                0x0000000040106aec                fputwc
 *fill*         0x0000000040106b22        0x0 
 *(.stub .gnu.warning .gnu.linkonce.literal.* .gnu.linkonce.t.*.literal .gnu.linkonce.t.*)
 *(.fini.literal)
 *(.fini)
 *(.gnu.version)
                0x0000000040106b22                _text_end = ABSOLUTE (.)
                0x0000000040106b22                _etext = .

.data           0x000000003ffe8000      0x998
                0x000000003ffe8000                _data_start = ABSOLUTE (.)
 *(.data)
 .data          0x000000003ffe8000        0x8 ./build/core.a(spiflash-cache-enable.o)
                0x000000003ffe8000                rboot_megabyte
 .data          0x000000003ffe8008       0xf4 ./build/libc.a(lib_a-impure.o)
                0x000000003ffe8008                _impure_ptr
 .data          0x000000003ffe80fc      0x16c ./build/libc.a(lib_a-locale.o)
                0x000000003ffe80fc                __global_locale
 .data          0x000000003ffe8268        0x1 ./build/sdklib/libmain.a(user_interface.o)
 *fill*         0x000000003ffe8269        0x3 
 .data          0x000000003ffe826c      0x1a8 ./build/sdklib/libnet80211.a(ieee80211_phy.o)
 *fill*         0x000000003ffe8414        0x4 
 .data          0x000000003ffe8418        0x6 ./build/sdklib/libnet80211.a(ieee80211_proto.o)
                0x000000003ffe8418                sdk_ieee80211_addr_bcast
 *fill*         0x000000003ffe841e        0x2 
 .data          0x000000003ffe8420       0x1c ./build/sdklib/libnet80211.a(ieee80211_action.o)
 *fill*         0x000000003ffe843c        0x4 
 .data          0x000000003ffe8440       0x53 ./build/sdklib/libphy.a(phy_chip_v6.o)
                0x000000003ffe8442                sdk_tx_rf_ana_gain
                0x000000003ffe8464                sdk_tx_pwctrl_atten_init_en
                0x000000003ffe8470                sdk_rx_gain_swp
                0x000000003ffe8490                sdk_test_rffreq_txcap
 *fill*         0x000000003ffe8493        0xd 
 .data          0x000000003ffe84a0       0x90 ./build/sdklib/libphy.a(phy_chip_v6_cal.o)
                0x000000003ffe84a0                sdk_dpd_index
                0x000000003ffe8500                sdk_dpd_db2linear
 .data          0x000000003ffe8530        0x4 ./build/sdklib/libphy.a(phy_sleep.o)
                0x000000003ffe8530                sdk_chip_version
 .data          0x000000003ffe8534      0x11c ./build/sdklib/libphy.a(phy_chip_v5_romfunc.o)
                0x000000003ffe8534                sdk_g_phyFuns
                0x000000003ffe8538                sdk_g_phyFuns_instance
 .data          0x000000003ffe8650        0x7 ./build/sdklib/libphy.a(phy_chip_v5_cal_romfunc.o)
 *fill*         0x000000003ffe8657        0x1 
 .data          0x000000003ffe8658        0x1 ./build/sdklib/libpp.a(pm.o)
 *fill*         0x000000003ffe8659        0x3 
 .data          0x000000003ffe865c       0x10 ./build/sdklib/libpp.a(pp.o)
                0x000000003ffe865c                sdk_NoiseTimerInterval
                0x000000003ffe8664                sdk_sleep_start_wait_time
 *fill*         0x000000003ffe866c        0x4 
 .data          0x000000003ffe8670       0x40 ./build/sdklib/libpp.a(rate_control.o)
 .data          0x000000003ffe86b0      0x22c ./build/sdklib/libpp.a(trc.o)
 *fill*         0x000000003ffe88dc        0x4 
 .data          0x000000003ffe88e0       0x10 ./build/sdklib/libpp.a(wdev.o)
 .data          0x000000003ffe88f0       0x18 ./build/sdklib/libnet80211.a(ieee80211_crypto_ccmp.o)
                0x000000003ffe88f0                sdk_ccmp
 .data          0x000000003ffe8908       0x18 ./build/sdklib/libnet80211.a(ieee80211_crypto_tkip.o)
                0x000000003ffe8908                sdk_tkip
 .data          0x000000003ffe8920       0x18 ./build/sdklib/libnet80211.a(ieee80211_crypto_wep.o)
                0x000000003ffe8920                sdk_wep
 *(.data.*)
 .data.cpu_freq
                0x000000003ffe8938        0x4 ./build/open_esplibs_libmain.a(misc.o)
 .data.sdk_flashchip
                0x000000003ffe893c       0x18 ./build/open_esplibs_libmain.a(spi_flash.o)
                0x000000003ffe893c                sdk_flashchip
 .data.sdk_dhcpc_flag
                0x000000003ffe8954        0x4 ./build/open_esplibs_libmain.a(user_interface.o)
                0x000000003ffe8954                sdk_dhcpc_flag
 .data.wifi_config_http_parser_settings
                0x000000003ffe8958       0x28 ./build/wifi_config.a(wifi_config.o)
 .data.html_settings_footer
                0x000000003ffe8980        0x4 ./build/wifi_config.a(wifi_config.o)
                0x000000003ffe8980                html_settings_footer
 .data.html_network_item
                0x000000003ffe8984        0x4 ./build/wifi_config.a(wifi_config.o)
                0x000000003ffe8984                html_network_item
 .data.html_settings_header
                0x000000003ffe8988        0x4 ./build/wifi_config.a(wifi_config.o)
                0x000000003ffe8988                html_settings_header
 .data.iss$5639
                0x000000003ffe898c        0x4 ./build/lwip.a(tcp.o)
 .data.tcp_port
                0x000000003ffe8990        0x2 ./build/lwip.a(tcp.o)
 .data.udp_port
                0x000000003ffe8992        0x2 ./build/lwip.a(udp.o)
 .data.current_stdout_write_r
                0x000000003ffe8994        0x4 ./build/core.a(newlib_syscalls.o)
 *(.gnu.linkonce.d.*)
 *(.data1)
 *(.sdata)
 *(.sdata.*)
 *(.gnu.linkonce.s.*)
 *(.sdata2)
 *(.sdata2.*)
 *(.gnu.linkonce.s2.*)
 *(.jcr)
                0x000000003ffe8998                _data_end = ABSOLUTE (.)

.rodata         0x000000003ffe8998      0x894
                0x000000003ffe8998                _rodata_start = ABSOLUTE (.)
 *core.a:*(.rodata.* .rodata)
 .rodata.str1.4
                0x000000003ffe8998      0x19f ./build/core.a(app_main.o)
 *fill*         0x000000003ffe8b37        0x1 
 .rodata.CSWTCH$29
                0x000000003ffe8b38       0x24 ./build/core.a(app_main.o)
 .rodata.CSWTCH$28
                0x000000003ffe8b5c       0x40 ./build/core.a(app_main.o)
 .rodata.str1.4
                0x000000003ffe8b9c      0x1cc ./build/core.a(debug_dumps.o)
 .rodata        0x000000003ffe8d68       0x1c ./build/core.a(exception_vectors.o)
 *libc.a:*.o(.rodata.* .rodata)
 .rodata        0x000000003ffe8d84        0x4 ./build/libc.a(lib_a-impure.o)
                0x000000003ffe8d84                _global_impure_ptr
 .rodata.str1.1
                0x000000003ffe8d88        0xa ./build/libc.a(lib_a-locale.o)
                                          0xb (size before relaxing)
 .rodata.str1.1
                0x000000003ffe8d92       0x21 ./build/libc.a(lib_a-mstats.o)
 .rodata.str1.1
                0x000000003ffe8db3       0x4b ./build/libc.a(lib_a-nano-mallstatsr.o)
 .rodata.str1.1
                0x000000003ffe8dfe       0x12 ./build/libc.a(lib_a-nano-vfprintf_float.o)
 .rodata.str1.1
                0x000000003ffe8e10       0x22 ./build/libc.a(lib_a-nano-vfprintf_i.o)
 .rodata.str1.1
                0x000000003ffe8e32        0x5 ./build/libc.a(lib_a-nano-vfscanf_float.o)
 .rodata.str1.1
                0x000000003ffe8e37        0x5 ./build/libc.a(lib_a-puts.o)
                                          0x2 (size before relaxing)
 .rodata.str1.1
                0x000000003ffe8e37        0x5 ./build/libc.a(lib_a-strtod.o)
                                          0xc (size before relaxing)
 *fill*         0x000000003ffe8e37        0x1 
 .rodata        0x000000003ffe8e38       0x70 ./build/libc.a(lib_a-strtod.o)
 .rodata        0x000000003ffe8ea8      0x101 ./build/libc.a(lib_a-ctype_.o)
                0x000000003ffe8ea8                _ctype_
 .rodata.str1.1
                0x000000003ffe8fa9        0xd ./build/libc.a(lib_a-dtoa.o)
                                          0xf (size before relaxing)
 *fill*         0x000000003ffe8fb6        0x2 
 .rodata        0x000000003ffe8fb8      0x128 ./build/libc.a(lib_a-mprec.o)
                0x000000003ffe8fc8                __mprec_tinytens
                0x000000003ffe8ff0                __mprec_bigtens
                0x000000003ffe9018                __mprec_tens
 .rodata.str1.1
                0x000000003ffe90e0       0x11 ./build/libc.a(lib_a-nano-svfprintf.o)
 .rodata.str1.1
                0x000000003ffe90f1       0x11 ./build/libc.a(lib_a-nano-vfprintf.o)
 .rodata.str1.1
                0x000000003ffe90f1       0x3c ./build/libc.a(lib_a-assert.o)
                                         0x3d (size before relaxing)
 *freertos.a:*(.rodata.* .rodata)
 *fill*         0x000000003ffe912d        0x3 
 .rodata.str1.4
                0x000000003ffe9130       0x48 ./build/freertos.a(queue.o)
 .rodata.str1.4
                0x000000003ffe9178       0x4d ./build/freertos.a(tasks.o)
 *fill*         0x000000003ffe91c5        0x3 
 .rodata.str1.4
                0x000000003ffe91c8       0x51 ./build/freertos.a(timers.o)
 *libmain.a:spi_flash.o(.rodata.* .rodata)
 *libpp.a:wdev.o(.rodata.* .rodata)
 *fill*         0x000000003ffe9219        0x3 
 .rodata.str1.4
                0x000000003ffe921c       0x10 ./build/sdklib/libpp.a(wdev.o)
                                          0xf (size before relaxing)
                0x000000003ffe922c                _rodata_end = ABSOLUTE (.)

.bss            0x000000003ffe9230     0x84a0
                0x000000003ffe9230                . = ALIGN (0x8)
                0x000000003ffe9230                _bss_start = ABSOLUTE (.)
 *(.dynsbss)
 *(.sbss)
 *(.sbss.*)
 *(.gnu.linkonce.sb.*)
 *(.scommon)
 *(.sbss2)
 *(.sbss2.*)
 *(.gnu.linkonce.sb2.*)
 *(.dynbss)
 *(.bss)
 .bss           0x000000003ffe9230      0x228 ./build/core.a(exception_vectors.o)
                0x000000003ffe9444                debug_saved_ctx
 .bss           0x000000003ffe9458        0xc ./build/libc.a(lib_a-arc4random.o)
                0x000000003ffe9458                __arc4random_mutex
 .bss           0x000000003ffe9464        0x4 ./build/libc.a(lib_a-__call_atexit.o)
                0x000000003ffe9464                __atexit_recursive_mutex
 .bss           0x000000003ffe9468        0x4 ./build/libc.a(lib_a-envlock.o)
                0x000000003ffe9468                __env_recursive_mutex
 .bss           0x000000003ffe946c        0x8 ./build/libc.a(lib_a-findfp.o)
                0x000000003ffe946c                __sinit_recursive_mutex
                0x000000003ffe9470                __sfp_recursive_mutex
 .bss           0x000000003ffe9474        0x4 ./build/libc.a(lib_a-mlock.o)
                0x000000003ffe9474                __malloc_recursive_mutex
 .bss           0x000000003ffe9478       0x28 ./build/libc.a(lib_a-nano-mallinfor.o)
                0x000000003ffe9478                __malloc_current_mallinfo
 .bss           0x000000003ffe94a0        0x8 ./build/libc.a(lib_a-nano-mallocr.o)
                0x000000003ffe94a0                __malloc_sbrk_start
                0x000000003ffe94a4                __malloc_free_list
 .bss           0x000000003ffe94a8        0x8 ./build/libc.a(lib_a-quick_exit.o)
                0x000000003ffe94a8                __at_quick_exit_mutex
 .bss           0x000000003ffe94b0        0x4 ./build/libc.a(lib_a-tzlock.o)
                0x000000003ffe94b0                __tz_mutex
 *fill*         0x000000003ffe94b4        0xc 
 .bss           0x000000003ffe94c0      0x131 ./build/sdklib/libmain.a(user_interface.o)
 *fill*         0x000000003ffe95f1        0x3 
 .bss           0x000000003ffe95f4      0x54c ./build/sdklib/libnet80211.a(ieee80211.o)
                0x000000003ffe95f4                sdk_g_ic
                0x000000003ffe9b3c                sdk_xieee80211Queue
 .bss           0x000000003ffe9b40       0x28 ./build/sdklib/libnet80211.a(ieee80211_hostap.o)
                0x000000003ffe9b60                sdk_TmpSTAAPCloseAP
                0x000000003ffe9b61                sdk_PendFreeBcnEb
 .bss           0x000000003ffe9b68       0xe4 ./build/sdklib/libnet80211.a(ieee80211_scan.o)
                0x000000003ffe9b68                sdk_gScanStruct
                0x000000003ffe9c2c                sdk_auth_type
                0x000000003ffe9c2e                sdk_scannum
 .bss           0x000000003ffe9c4c       0x44 ./build/sdklib/libnet80211.a(wl_chm.o)
 .bss           0x000000003ffe9c90      0x780 ./build/sdklib/libnet80211.a(wl_cnx.o)
                0x000000003ffea3f0                sdk_sta_con_timer
                0x000000003ffea40c                sdk_g_cnx_probe_rc_list_cb
 .bss           0x000000003ffea410        0x4 ./build/sdklib/libphy.a(phy.o)
 *fill*         0x000000003ffea414        0xc 
 .bss           0x000000003ffea420      0x38b ./build/sdklib/libphy.a(phy_chip_v6.o)
                0x000000003ffea420                sdk_rxiq_compute_num
                0x000000003ffea424                sdk_rxdc_init_flag
                0x000000003ffea428                sdk_check_result
                0x000000003ffea42c                sdk_chip6_sleep_params
                0x000000003ffea604                sdk_chip6_phy_init_ctrl
                0x000000003ffea672                sdk_phy_freq_offset
                0x000000003ffea674                sdk_do_pwctrl_flag
                0x000000003ffea675                sdk_pwctrl_debug
                0x000000003ffea676                sdk_txbk_dpdby_flag
                0x000000003ffea678                sdk_sw_scan_mode
                0x000000003ffea68c                sdk_periodic_cal_dc_num
                0x000000003ffea690                sdk_periodic_cal_flag
                0x000000003ffea691                sdk_bbpll_cal_flag
                0x000000003ffea692                sdk_deep_sleep_en
                0x000000003ffea698                sdk_noise_array
                0x000000003ffea7a0                sdk_tx_pwctrl_atten_init
 *fill*         0x000000003ffea7ab        0x1 
 .bss           0x000000003ffea7ac        0x6 ./build/sdklib/libphy.a(phy_chip_v6_cal.o)
                0x000000003ffea7ac                sdk_loop_pwctrl_pwdet_error_accum_high_power
                0x000000003ffea7ae                sdk_tx_pwctrl_pk_num
                0x000000003ffea7af                sdk_loop_pwctrl_correct_atten_high_power
                0x000000003ffea7b0                sdk_tx_pwctrl_set_chan_flag
                0x000000003ffea7b1                sdk_rxiq_cover_fail_num
 *fill*         0x000000003ffea7b2        0x2 
 .bss           0x000000003ffea7b4        0x4 ./build/sdklib/libphy.a(phy_sleep.o)
                0x000000003ffea7b4                sdk_periodic_cal_sat
                0x000000003ffea7b5                sdk_software_slp_reject
                0x000000003ffea7b6                sdk_SDIO_slp_reject
                0x000000003ffea7b7                sdk_hardware_reject
 *fill*         0x000000003ffea7b8        0x8 
 .bss           0x000000003ffea7c0     0x11e8 ./build/sdklib/libpp.a(esf_buf.o)
 *fill*         0x000000003ffeb9a8        0x8 
 .bss           0x000000003ffeb9b0       0x30 ./build/sdklib/libpp.a(if_hwctrl.o)
                0x000000003ffeb9b0                sdk_interface_mask
                0x000000003ffeb9c0                sdk_if_ctrl
 .bss           0x000000003ffeb9e0      0x150 ./build/sdklib/libpp.a(lmac.o)
                0x000000003ffeb9e4                sdk_lmacConfMib
 .bss           0x000000003ffebb30      0x149 ./build/sdklib/libpp.a(pm.o)
 *fill*         0x000000003ffebc79        0x7 
 .bss           0x000000003ffebc80      0x352 ./build/sdklib/libpp.a(pp.o)
                0x000000003ffebca8                sdk_pend_flag_noise_check
                0x000000003ffebcb0                sdk_pend_flag_periodic_cal
                0x000000003ffebcd4                sdk_dbg_stop_sw_wdt
                0x000000003ffebcd5                sdk_dbg_stop_hw_wdt
 *fill*         0x000000003ffebfd2        0xe 
 .bss           0x000000003ffebfe0      0x100 ./build/sdklib/libpp.a(rate_control.o)
 .bss           0x000000003ffec0e0      0x268 ./build/sdklib/libpp.a(trc.o)
 *fill*         0x000000003ffec348        0x8 
 .bss           0x000000003ffec350     0x4721 ./build/sdklib/libpp.a(wdev.o)
                0x000000003ffec350                sdk_wDevCtrl
                0x000000003ffec4f4                sdk_NMIIrqIsOn
                0x000000003ffec4f8                sdk_WdevTimOffSet
 *fill*         0x000000003fff0a71        0xf 
 .bss           0x000000003fff0a80      0x27a ./build/sdklib/libwpa.a(wpa.o)
 *fill*         0x000000003fff0cfa        0x6 
 .bss           0x000000003fff0d00       0xb0 ./build/sdklib/libwpa.a(aes-internal-dec.o)
 .bss           0x000000003fff0db0        0x8 ./build/sdklib/libnet80211.a(ieee80211_crypto_tkip.o)
 *(.bss.*)
 .bss.task_handle
                0x000000003fff0db8        0x4 ./build/open_esplibs_libmain.a(ets_timer.o)
 .bss.timer_list
                0x000000003fff0dbc        0x4 ./build/open_esplibs_libmain.a(ets_timer.o)
 .bss.armed_timer_count
                0x000000003fff0dc0        0x1 ./build/open_esplibs_libmain.a(timers.o)
 *fill*         0x000000003fff0dc1        0x3 
 .bss.timer_list
                0x000000003fff0dc4        0x4 ./build/open_esplibs_libmain.a(timers.o)
 .bss.hostap_timer_parg
                0x000000003fff0dc8        0x4 ./build/open_esplibs_libnet80211.a(ieee80211_hostap.o)
 .bss.hostap_timer
                0x000000003fff0dcc       0x1c ./build/open_esplibs_libnet80211.a(ieee80211_hostap.o)
 .bss.hostap_flags
                0x000000003fff0de8        0x1 ./build/open_esplibs_libnet80211.a(ieee80211_hostap.o)
 *fill*         0x000000003fff0de9        0x3 
 .bss.pp_zeros  0x000000003fff0dec       0x20 ./build/open_esplibs_libpp.a(pp.o)
 .bss.espera    0x000000003fff0e0c        0x4 ./build/program.a(main.o)
 .bss.deco_ready
                0x000000003fff0e10        0x4 ./build/program.a(main.o)
 .bss.wifi_alive
                0x000000003fff0e14        0x4 ./build/program.a(main.o)
 .bss.uxCriticalNesting
                0x000000003fff0e18        0x4 ./build/program.a(main.o)
 .bss.pending_maclayer_sv
                0x000000003fff0e1c        0x4 ./build/program.a(main.o)
 .bss.pending_soft_sv
                0x000000003fff0e20        0x4 ./build/program.a(main.o)
 .bss.wifi_networks
                0x000000003fff0e24        0x4 ./build/wifi_config.a(wifi_config.o)
                0x000000003fff0e24                wifi_networks
 .bss.context   0x000000003fff0e28        0x4 ./build/wifi_config.a(wifi_config.o)
 .bss.uxSchedulerSuspended
                0x000000003fff0e2c        0x4 ./build/freertos.a(tasks.o)
 .bss.xIdleTaskHandle
                0x000000003fff0e30        0x4 ./build/freertos.a(tasks.o)
 .bss.xNextTaskUnblockTime
                0x000000003fff0e34        0x4 ./build/freertos.a(tasks.o)
 .bss.uxTaskNumber
                0x000000003fff0e38        0x4 ./build/freertos.a(tasks.o)
 .bss.xNumOfOverflows
                0x000000003fff0e3c        0x4 ./build/freertos.a(tasks.o)
 .bss.xYieldPending
                0x000000003fff0e40        0x4 ./build/freertos.a(tasks.o)
 .bss.uxPendedTicks
                0x000000003fff0e44        0x4 ./build/freertos.a(tasks.o)
 .bss.xSchedulerRunning
                0x000000003fff0e48        0x4 ./build/freertos.a(tasks.o)
 .bss.uxTopReadyPriority
                0x000000003fff0e4c        0x4 ./build/freertos.a(tasks.o)
 .bss.xTickCount
                0x000000003fff0e50        0x4 ./build/freertos.a(tasks.o)
 .bss.uxCurrentNumberOfTasks
                0x000000003fff0e54        0x4 ./build/freertos.a(tasks.o)
 .bss.xSuspendedTaskList
                0x000000003fff0e58       0x14 ./build/freertos.a(tasks.o)
 .bss.uxDeletedTasksWaitingCleanUp
                0x000000003fff0e6c        0x4 ./build/freertos.a(tasks.o)
 .bss.xTasksWaitingTermination
                0x000000003fff0e70       0x14 ./build/freertos.a(tasks.o)
 .bss.xPendingReadyList
                0x000000003fff0e84       0x14 ./build/freertos.a(tasks.o)
 .bss.pxOverflowDelayedTaskList
                0x000000003fff0e98        0x4 ./build/freertos.a(tasks.o)
 .bss.pxDelayedTaskList
                0x000000003fff0e9c        0x4 ./build/freertos.a(tasks.o)
 .bss.xDelayedTaskList2
                0x000000003fff0ea0       0x14 ./build/freertos.a(tasks.o)
 .bss.xDelayedTaskList1
                0x000000003fff0eb4       0x14 ./build/freertos.a(tasks.o)
 .bss.pxReadyTasksLists
                0x000000003fff0ec8      0x12c ./build/freertos.a(tasks.o)
 .bss.pxCurrentTCB
                0x000000003fff0ff4        0x4 ./build/freertos.a(tasks.o)
                0x000000003fff0ff4                pxCurrentTCB
 .bss.xLastTime$3531
                0x000000003fff0ff8        0x4 ./build/freertos.a(timers.o)
 .bss.xTimerTaskHandle
                0x000000003fff0ffc        0x4 ./build/freertos.a(timers.o)
 .bss.xTimerQueue
                0x000000003fff1000        0x4 ./build/freertos.a(timers.o)
 .bss.pxOverflowTimerList
                0x000000003fff1004        0x4 ./build/freertos.a(timers.o)
 .bss.pxCurrentTimerList
                0x000000003fff1008        0x4 ./build/freertos.a(timers.o)
 .bss.xActiveTimerList2
                0x000000003fff100c       0x14 ./build/freertos.a(timers.o)
 .bss.xActiveTimerList1
                0x000000003fff1020       0x14 ./build/freertos.a(timers.o)
 .bss.critical_nesting
                0x000000003fff1034        0x4 ./build/lwip.a(sys_arch.o)
 .bss.select_cb_list
                0x000000003fff1038        0x4 ./build/lwip.a(sockets.o)
 .bss.sockets   0x000000003fff103c       0xc0 ./build/lwip.a(sockets.o)
 .bss.tcpip_mbox
                0x000000003fff10fc        0x4 ./build/lwip.a(tcpip.o)
 .bss.tcpip_init_done_arg
                0x000000003fff1100        0x4 ./build/lwip.a(tcpip.o)
 .bss.tcpip_init_done
                0x000000003fff1104        0x4 ./build/lwip.a(tcpip.o)
 .bss.netif_num
                0x000000003fff1108        0x1 ./build/lwip.a(netif.o)
 .bss.tcp_timer_ctr
                0x000000003fff1109        0x1 ./build/lwip.a(tcp.o)
 .bss.tcp_timer
                0x000000003fff110a        0x1 ./build/lwip.a(tcp.o)
 *fill*         0x000000003fff110b        0x1 
 .bss.recv_data
                0x000000003fff110c        0x4 ./build/lwip.a(tcp_in.o)
 .bss.recv_flags
                0x000000003fff1110        0x1 ./build/lwip.a(tcp_in.o)
 .bss.flags     0x000000003fff1111        0x1 ./build/lwip.a(tcp_in.o)
 .bss.tcplen    0x000000003fff1112        0x2 ./build/lwip.a(tcp_in.o)
 .bss.recv_acked
                0x000000003fff1114        0x2 ./build/lwip.a(tcp_in.o)
 *fill*         0x000000003fff1116        0x2 
 .bss.ackno     0x000000003fff1118        0x4 ./build/lwip.a(tcp_in.o)
 .bss.seqno     0x000000003fff111c        0x4 ./build/lwip.a(tcp_in.o)
 .bss.tcp_optidx
                0x000000003fff1120        0x2 ./build/lwip.a(tcp_in.o)
 *fill*         0x000000003fff1122        0x2 
 .bss.tcphdr_opt2
                0x000000003fff1124        0x4 ./build/lwip.a(tcp_in.o)
 .bss.tcphdr_opt1len
                0x000000003fff1128        0x2 ./build/lwip.a(tcp_in.o)
 .bss.tcphdr_optlen
                0x000000003fff112a        0x2 ./build/lwip.a(tcp_in.o)
 .bss.tcphdr    0x000000003fff112c        0x4 ./build/lwip.a(tcp_in.o)
 .bss.inseg     0x000000003fff1130       0x10 ./build/lwip.a(tcp_in.o)
 .bss.tcpip_tcp_timer_active
                0x000000003fff1140        0x4 ./build/lwip.a(timeouts.o)
 .bss.current_timeout_due_time
                0x000000003fff1144        0x4 ./build/lwip.a(timeouts.o)
 .bss.next_timeout
                0x000000003fff1148        0x4 ./build/lwip.a(timeouts.o)
 .bss.xid$4581  0x000000003fff114c        0x4 ./build/lwip.a(dhcp.o)
 .bss.dhcp_pcb_refcount
                0x000000003fff1150        0x1 ./build/lwip.a(dhcp.o)
 *fill*         0x000000003fff1151        0x3 
 .bss.dhcp_pcb  0x000000003fff1154        0x4 ./build/lwip.a(dhcp.o)
 .bss.etharp_cached_entry
                0x000000003fff1158        0x1 ./build/lwip.a(etharp.o)
 *fill*         0x000000003fff1159        0x3 
 .bss.arp_table
                0x000000003fff115c       0xf0 ./build/lwip.a(etharp.o)
 .bss.allrouters
                0x000000003fff124c        0x4 ./build/lwip.a(igmp.o)
 .bss.allsystems
                0x000000003fff1250        0x4 ./build/lwip.a(igmp.o)
 .bss.ip4_default_multicast_netif
                0x000000003fff1254        0x4 ./build/lwip.a(ip4.o)
 .bss.ip_id     0x000000003fff1258        0x2 ./build/lwip.a(ip4.o)
 .bss.ip_reass_pbufcount
                0x000000003fff125a        0x2 ./build/lwip.a(ip4_frag.o)
 .bss.reassdatagrams
                0x000000003fff125c        0x4 ./build/lwip.a(ip4_frag.o)
 .bss.dns_servers
                0x000000003fff1260        0x8 ./build/lwip.a(dns.o)
 .bss.dns_requests
                0x000000003fff1268        0xc ./build/lwip.a(dns.o)
 .bss.dns_table
                0x000000003fff1274       0x94 ./build/lwip.a(dns.o)
 .bss.dns_pcbs  0x000000003fff1308        0x4 ./build/lwip.a(dns.o)
 .bss.user_exception_handler
                0x000000003fff130c        0x4 ./build/core.a(debug_dumps.o)
 .bss.gpio_interrupt_handlers
                0x000000003fff1310       0x40 ./build/core.a(esp_gpio.o)
 .bss._minimal_pins
                0x000000003fff1350        0x2 ./build/core.a(esp_spi.o)
 *fill*         0x000000003fff1352        0x2 
 .bss.heap_end$5055
                0x000000003fff1354        0x4 ./build/core.a(newlib_syscalls.o)
 .bss.locks_initialized
                0x000000003fff1358        0x4 ./build/core.a(newlib_syscalls.o)
 .bss._sysparam_info
                0x000000003fff135c       0x18 ./build/core.a(sysparam.o)
 .bss.ipbuf$6152
                0x000000003fff1374       0x10 ./build/dhcpserver.a(dhcpserver.o)
 .bss.state     0x000000003fff1384        0x4 ./build/dhcpserver.a(dhcpserver.o)
 .bss.dhcpserver_task_handle
                0x000000003fff1388        0x4 ./build/dhcpserver.a(dhcpserver.o)
 *(.gnu.linkonce.b.*)
 *(COMMON)
 COMMON         0x000000003fff138c        0x4 ./build/open_esplibs_libmain.a(misc.o)
                0x000000003fff138c                sdk__putc1
 COMMON         0x000000003fff1390       0x28 ./build/open_esplibs_libmain.a(user_interface.o)
                0x000000003fff1390                sdk_cpu_overclock
                0x000000003fff1394                sdk_rst_if
                0x000000003fff13b4                sdk_promiscuous_cb
 COMMON         0x000000003fff13b8        0xc ./build/program.a(main.o)
                0x000000003fff13b8                level1_int_disabled
                0x000000003fff13bc                cpu_sr
                0x000000003fff13c0                xPortSupervisorStackPointer
 COMMON         0x000000003fff13c4        0x4 ./build/wifi_config.a(wifi_config.o)
                0x000000003fff13c4                wifi_networks_mutex
 COMMON         0x000000003fff13c8        0x4 ./build/lwip.a(esp_interface.o)
                0x000000003fff13c8                pp_rx_pool_usage
 COMMON         0x000000003fff13cc        0xc ./build/lwip.a(sys_arch.o)
                0x000000003fff13cc                lwip_tcpip_thread
                0x000000003fff13d0                lwip_core_lock_count
                0x000000003fff13d4                lwip_core_lock_holder_thread
 COMMON         0x000000003fff13d8       0x90 ./build/lwip.a(sockets.o)
                0x000000003fff13d8                socket_ipv4_multicast_memberships
 COMMON         0x000000003fff1468        0x4 ./build/lwip.a(tcpip.o)
                0x000000003fff1468                lock_tcpip_core
 COMMON         0x000000003fff146c        0x8 ./build/lwip.a(netif.o)
                0x000000003fff146c                netif_list
                0x000000003fff1470                netif_default
 COMMON         0x000000003fff1474        0x1 ./build/lwip.a(pbuf.o)
                0x000000003fff1474                pbuf_free_ooseq_pending
 *fill*         0x000000003fff1475        0x3 
 COMMON         0x000000003fff1478       0x18 ./build/lwip.a(tcp.o)
                0x000000003fff1478                tcp_active_pcbs_changed
                0x000000003fff147c                tcp_active_pcbs
                0x000000003fff1480                tcp_ticks
                0x000000003fff1484                tcp_listen_pcbs
                0x000000003fff1488                tcp_bound_pcbs
                0x000000003fff148c                tcp_tw_pcbs
 COMMON         0x000000003fff1490        0x4 ./build/lwip.a(tcp_in.o)
                0x000000003fff1490                tcp_input_pcb
 COMMON         0x000000003fff1494        0x4 ./build/lwip.a(udp.o)
                0x000000003fff1494                udp_pcbs
 COMMON         0x000000003fff1498       0x34 ./build/lwip.a(dhcp.o)
                0x000000003fff1498                dhcp_rx_options_given
                0x000000003fff14a4                dhcp_rx_options_val
 COMMON         0x000000003fff14cc       0x18 ./build/lwip.a(ip.o)
                0x000000003fff14cc                ip_data
 COMMON         0x000000003fff14e4       0x2d ./build/core.a(app_main.o)
                0x000000003fff14e4                sdk_info
                0x000000003fff1508                sdk_xWatchDogTaskHandle
                0x000000003fff150c                sdk_xUserTaskHandle
                0x000000003fff1510                sdk_user_init_flag
 *fill*         0x000000003fff1511        0x3 
 COMMON         0x000000003fff1514       0x81 ./build/core.a(esp_interrupts.o)
                0x000000003fff1514                isr
                0x000000003fff1594                esp_in_isr
 *fill*         0x000000003fff1595        0x3 
 COMMON         0x000000003fff1598      0x138 ./build/libc.a(lib_a-findfp.o)
                0x000000003fff1598                __sf
                0x000000003fff16d0                . = ALIGN (0x8)
                0x000000003fff16d0                _bss_end = ABSOLUTE (.)
                0x000000003fff16d0                _heap_start = ABSOLUTE (.)

.irom0.text     0x0000000040202010    0x3fc3c
                0x0000000040202010                _irom0_text_start = ABSOLUTE (.)
 *(.literal .text .literal.* .text.* .rodata .rodata.*)
 .text.add_pending_timer
                0x0000000040202010       0x9c ./build/open_esplibs_libmain.a(ets_timer.o)
 .text.timer_task
                0x00000000402020ac       0xb9 ./build/open_esplibs_libmain.a(ets_timer.o)
                                         0xd5 (size before relaxing)
 *fill*         0x0000000040202165        0x3 
 .text.sdk_ets_timer_arm_ms_us
                0x0000000040202168       0x69 ./build/open_esplibs_libmain.a(ets_timer.o)
                                         0x7d (size before relaxing)
                0x0000000040202170                sdk_ets_timer_arm_ms_us
 *fill*         0x00000000402021d1        0x3 
 .text.sdk_ets_timer_arm
                0x00000000402021d4       0x17 ./build/open_esplibs_libmain.a(ets_timer.o)
                                         0x1b (size before relaxing)
                0x00000000402021d4                sdk_ets_timer_arm
 *fill*         0x00000000402021eb        0x1 
 .text.sdk_ets_timer_disarm
                0x00000000402021ec       0x51 ./build/open_esplibs_libmain.a(ets_timer.o)
                                         0x5d (size before relaxing)
                0x00000000402021ec                sdk_ets_timer_disarm
 *fill*         0x000000004020223d        0x3 
 .text.sdk_ets_timer_init
                0x0000000040202240       0xa8 ./build/open_esplibs_libmain.a(ets_timer.o)
                                         0xb8 (size before relaxing)
                0x000000004020225c                sdk_ets_timer_init
 .text.sdk_os_update_cpu_frequency
                0x00000000402022e8        0xb ./build/open_esplibs_libmain.a(misc.o)
                0x00000000402022ec                sdk_os_update_cpu_frequency
                0x00000000402022ec                sdk_ets_update_cpu_frequency
 *fill*         0x00000000402022f3        0x1 
 .text.sdk_os_delay_us
                0x00000000402022f4       0x19 ./build/open_esplibs_libmain.a(misc.o)
                                         0x1d (size before relaxing)
                0x00000000402022f4                sdk_os_delay_us
                0x00000000402022f4                sdk_ets_delay_us
 *fill*         0x000000004020230d        0x3 
 .text.sdk_os_install_putc1
                0x0000000040202310        0xb ./build/open_esplibs_libmain.a(misc.o)
                0x0000000040202314                sdk_os_install_putc1
 *fill*         0x000000004020231b        0x1 
 .text.sdk_gpio_output_set
                0x000000004020231c       0x1d ./build/open_esplibs_libmain.a(misc.o)
                0x0000000040202320                sdk_gpio_output_set
 *fill*         0x0000000040202339        0x3 
 .text.sdk_rtc_get_reset_reason
                0x000000004020233c       0x4a ./build/open_esplibs_libmain.a(misc.o)
                0x0000000040202344                sdk_rtc_get_reset_reason
 *fill*         0x0000000040202386        0x2 
 .text.timer_tramp
                0x0000000040202388       0x17 ./build/open_esplibs_libmain.a(timers.o)
                                         0x1f (size before relaxing)
 *fill*         0x000000004020239f        0x1 
 .text.sdk_os_timer_setfn
                0x00000000402023a0       0xac ./build/open_esplibs_libmain.a(timers.o)
                                         0xb8 (size before relaxing)
                0x00000000402023b0                sdk_os_timer_setfn
 .text.sdk_os_timer_arm
                0x000000004020244c       0xac ./build/open_esplibs_libmain.a(timers.o)
                                         0xd4 (size before relaxing)
                0x0000000040202458                sdk_os_timer_arm
 .text.sdk_os_timer_disarm
                0x00000000402024f8       0x27 ./build/open_esplibs_libmain.a(timers.o)
                                         0x37 (size before relaxing)
                0x00000000402024fc                sdk_os_timer_disarm
 *fill*         0x000000004020251f        0x1 
 .text._check_boot_version
                0x0000000040202520       0x3a ./build/open_esplibs_libmain.a(user_interface.o)
                                         0x3e (size before relaxing)
 *fill*         0x000000004020255a        0x2 
 .text.sdk_system_pp_recycle_rx_pkt
                0x000000004020255c        0xf ./build/open_esplibs_libmain.a(user_interface.o)
                                         0x17 (size before relaxing)
                0x000000004020255c                sdk_system_pp_recycle_rx_pkt
 *fill*         0x000000004020256b        0x1 
 .text.sdk_system_restart
                0x000000004020256c       0x53 ./build/open_esplibs_libmain.a(user_interface.o)
                                         0x7b (size before relaxing)
                0x0000000040202578                sdk_system_restart
 *fill*         0x00000000402025bf        0x1 
 .text.sdk_system_get_boot_version
                0x00000000402025c0        0xe ./build/open_esplibs_libmain.a(user_interface.o)
                                         0x12 (size before relaxing)
                0x00000000402025c0                sdk_system_get_boot_version
 *fill*         0x00000000402025ce        0x2 
 .text.sdk_system_get_test_result
                0x00000000402025d0       0x22 ./build/open_esplibs_libmain.a(user_interface.o)
                                         0x2e (size before relaxing)
                0x00000000402025d0                sdk_system_get_test_result
 *fill*         0x00000000402025f2        0x2 
 .text.sdk_system_upgrade_userbin_check
                0x00000000402025f4       0x40 ./build/open_esplibs_libmain.a(user_interface.o)
                                         0x44 (size before relaxing)
                0x00000000402025f4                sdk_system_upgrade_userbin_check
 .text.sdk_system_get_userbin_addr
                0x0000000040202634       0x96 ./build/open_esplibs_libmain.a(user_interface.o)
                                         0x9e (size before relaxing)
                0x0000000040202644                sdk_system_get_userbin_addr
 *fill*         0x00000000402026ca        0x2 
 .text.sdk_system_update_cpu_freq
                0x00000000402026cc       0x5d ./build/open_esplibs_libmain.a(user_interface.o)
                                         0x69 (size before relaxing)
                0x00000000402026cc                sdk_system_update_cpu_freq
 *fill*         0x0000000040202729        0x3 
 .text.sdk_system_get_cpu_freq
                0x000000004020272c       0x1a ./build/open_esplibs_libmain.a(user_interface.o)
                0x0000000040202730                sdk_system_get_cpu_freq
 *fill*         0x0000000040202746        0x2 
 .text.sdk_system_overclock
                0x0000000040202748       0x31 ./build/open_esplibs_libmain.a(user_interface.o)
                                         0x3d (size before relaxing)
                0x000000004020274c                sdk_system_overclock
 *fill*         0x0000000040202779        0x3 
 .text.sdk_system_restoreclock
                0x000000004020277c       0x33 ./build/open_esplibs_libmain.a(user_interface.o)
                                         0x43 (size before relaxing)
                0x000000004020277c                sdk_system_restoreclock
 *fill*         0x00000000402027af        0x1 
 .text.sdk_system_station_got_ip_set
                0x00000000402027b0       0x8d ./build/open_esplibs_libmain.a(user_interface.o)
                                         0xa9 (size before relaxing)
                0x00000000402027b8                sdk_system_station_got_ip_set
 *fill*         0x000000004020283d        0x3 
 .text.sdk_wifi_station_get_connect_status
                0x0000000040202840       0x21 ./build/open_esplibs_libmain.a(user_interface.o)
                                         0x2d (size before relaxing)
                0x0000000040202840                sdk_wifi_station_get_connect_status
 *fill*         0x0000000040202861        0x3 
 .text.sdk_wifi_get_ip_info
                0x0000000040202864       0x36 ./build/open_esplibs_libmain.a(user_interface.o)
                                         0x3a (size before relaxing)
                0x0000000040202864                sdk_wifi_get_ip_info
 *fill*         0x000000004020289a        0x2 
 .text.sdk_wifi_set_ip_info
                0x000000004020289c       0x92 ./build/open_esplibs_libmain.a(user_interface.o)
                                         0xae (size before relaxing)
                0x00000000402028a8                sdk_wifi_set_ip_info
 *fill*         0x000000004020292e        0x2 
 .text.sdk_wifi_get_macaddr
                0x0000000040202930       0x63 ./build/open_esplibs_libmain.a(user_interface.o)
                                         0x73 (size before relaxing)
                0x0000000040202934                sdk_wifi_get_macaddr
 *fill*         0x0000000040202993        0x1 
 .text.sdk_ieee80211_hostap_attach
                0x0000000040202994      0x19d ./build/open_esplibs_libnet80211.a(ieee80211_hostap.o)
                                        0x1fd (size before relaxing)
                0x00000000402029b8                sdk_ieee80211_hostap_attach
 *fill*         0x0000000040202b31        0x3 
 .text.sdk_wifi_softap_start
                0x0000000040202b34      0x16c ./build/open_esplibs_libnet80211.a(ieee80211_hostap.o)
                                        0x1c8 (size before relaxing)
                0x0000000040202b58                sdk_wifi_softap_start
 .text.sdk_wifi_softap_stop
                0x0000000040202ca0      0x13d ./build/open_esplibs_libnet80211.a(ieee80211_hostap.o)
                                        0x1b9 (size before relaxing)
                0x0000000040202ca4                sdk_wifi_softap_stop
 *fill*         0x0000000040202ddd        0x3 
 .text.sdk_sta_status_set
                0x0000000040202de0       0x42 ./build/open_esplibs_libnet80211.a(ieee80211_sta.o)
                                         0x46 (size before relaxing)
                0x0000000040202de0                sdk_sta_status_set
 *fill*         0x0000000040202e22        0x2 
 .text.sdk_wifi_station_start
                0x0000000040202e24       0xa7 ./build/open_esplibs_libnet80211.a(ieee80211_sta.o)
                                         0xdf (size before relaxing)
                0x0000000040202e34                sdk_wifi_station_start
 *fill*         0x0000000040202ecb        0x1 
 .text.sdk_wifi_station_stop
                0x0000000040202ecc       0x4b ./build/open_esplibs_libnet80211.a(ieee80211_sta.o)
                                         0x5b (size before relaxing)
                0x0000000040202ecc                sdk_wifi_station_stop
 *fill*         0x0000000040202f17        0x1 
 .text.dhcp_if_down
                0x0000000040202f18       0x23 ./build/open_esplibs_libnet80211.a(wl_cnx.o)
                                         0x3f (size before relaxing)
                0x0000000040202f18                dhcp_if_down
 *fill*         0x0000000040202f3b        0x1 
 .text.sdk_cnx_rc_search
                0x0000000040202f3c       0x62 ./build/open_esplibs_libnet80211.a(wl_cnx.o)
                                         0x66 (size before relaxing)
                0x0000000040202f40                sdk_cnx_rc_search
 *fill*         0x0000000040202f9e        0x2 
 .text.sdk_cnx_add_rc
                0x0000000040202fa0       0x7c ./build/open_esplibs_libnet80211.a(wl_cnx.o)
                                         0x80 (size before relaxing)
                0x0000000040202fa0                sdk_cnx_add_rc
 .text.sdk_cnx_remove_rc
                0x000000004020301c       0x9b ./build/open_esplibs_libnet80211.a(wl_cnx.o)
                                         0x9f (size before relaxing)
                0x0000000040203020                sdk_cnx_remove_rc
 *fill*         0x00000000402030b7        0x1 
 .text.sdk_cnx_node_remove
                0x00000000402030b8       0x7c ./build/open_esplibs_libnet80211.a(wl_cnx.o)
                                         0x98 (size before relaxing)
                0x00000000402030b8                sdk_cnx_node_remove
 .text.sdk_cnx_node_search
                0x0000000040203134       0x66 ./build/open_esplibs_libnet80211.a(wl_cnx.o)
                                         0x6e (size before relaxing)
                0x0000000040203134                sdk_cnx_node_search
 *fill*         0x000000004020319a        0x2 
 .text._ppz20   0x000000004020319c        0x9 ./build/open_esplibs_libpp.a(pp.o)
                0x00000000402031a0                _ppz20
 *fill*         0x00000000402031a5        0x3 
 .text.sdk_wpa_config_assoc_ie
                0x00000000402031a8       0x17 ./build/open_esplibs_libwpa.a(wpa_main.o)
                                         0x1b (size before relaxing)
                0x00000000402031a8                sdk_wpa_config_assoc_ie
 *fill*         0x00000000402031bf        0x1 
 .text.sdk_dhcp_bind_check
                0x00000000402031c0       0x22 ./build/open_esplibs_libwpa.a(wpa_main.o)
                                         0x26 (size before relaxing)
                0x00000000402031c0                sdk_dhcp_bind_check
 *fill*         0x00000000402031e2        0x2 
 .text.wpa_callback2
                0x00000000402031e4       0x33 ./build/open_esplibs_libwpa.a(wpa_main.o)
                                         0x47 (size before relaxing)
 *fill*         0x0000000040203217        0x1 
 .text.wpa_callback1
                0x0000000040203218       0x1b ./build/open_esplibs_libwpa.a(wpa_main.o)
                                         0x23 (size before relaxing)
 *fill*         0x0000000040203233        0x1 
 .text.sdk_wpa_config_profile
                0x0000000040203234       0x49 ./build/open_esplibs_libwpa.a(wpa_main.o)
                                         0x58 (size before relaxing)
                0x0000000040203234                sdk_wpa_config_profile
 *fill*         0x000000004020327d        0x3 
 .text.sdk_wpa_config_bss
                0x0000000040203280       0x2f ./build/open_esplibs_libwpa.a(wpa_main.o)
                                         0x37 (size before relaxing)
                0x0000000040203280                sdk_wpa_config_bss
 *fill*         0x00000000402032af        0x1 
 .text.sdk_eagle_auth_done
                0x00000000402032b0      0x105 ./build/open_esplibs_libwpa.a(wpa_main.o)
                                        0x18c (size before relaxing)
                0x00000000402032d0                sdk_eagle_auth_done
 *fill*         0x00000000402033b5        0x3 
 .text.sdk_wpa_neg_complete
                0x00000000402033b8        0xf ./build/open_esplibs_libwpa.a(wpa_main.o)
                                         0x17 (size before relaxing)
                0x00000000402033b8                sdk_wpa_neg_complete
 *fill*         0x00000000402033c7        0x1 
 .text.sdk_wpa_attach
                0x00000000402033c8       0x4f ./build/open_esplibs_libwpa.a(wpa_main.o)
                                         0x5f (size before relaxing)
                0x00000000402033e0                sdk_wpa_attach
 *fill*         0x0000000040203417        0x1 
 .text.my_intr_handler
                0x0000000040203418       0x14 ./build/program.a(main.o)
                0x000000004020341c                my_intr_handler
 .text.recv_task
                0x000000004020342c       0x78 ./build/program.a(main.o)
                                         0x9c (size before relaxing)
 .text.wifi_task
                0x00000000402034a4       0x27 ./build/program.a(main.o)
                                         0x33 (size before relaxing)
 *fill*         0x00000000402034cb        0x1 
 .text.decoder_task
                0x00000000402034cc       0xd3 ./build/program.a(main.o)
                                        0x117 (size before relaxing)
 *fill*         0x000000004020359f        0x1 
 .text.on_wifi_ready
                0x00000000402035a0       0x2a ./build/program.a(main.o)
                                         0x36 (size before relaxing)
                0x00000000402035a4                on_wifi_ready
 *fill*         0x00000000402035ca        0x2 
 .text.vAssertCalled
                0x00000000402035cc       0x22 ./build/program.a(main.o)
                                         0x26 (size before relaxing)
                0x00000000402035d4                vAssertCalled
 *fill*         0x00000000402035ee        0x2 
 .text.pxPortInitialiseStack
                0x00000000402035f0       0x37 ./build/program.a(main.o)
                0x00000000402035f4                pxPortInitialiseStack
 *fill*         0x0000000040203627        0x1 
 .text.xPortSysTickHandle
                0x0000000040203628       0x14 ./build/program.a(main.o)
                                         0x23 (size before relaxing)
                0x0000000040203628                xPortSysTickHandle
 *fill*         0x000000004020363c        0x0 
 .text.xPortStartScheduler
                0x000000004020363c       0x7e ./build/program.a(main.o)
                                         0x8e (size before relaxing)
                0x0000000040203650                xPortStartScheduler
 *fill*         0x00000000402036ba        0x2 
 .text.xPortGetFreeHeapSize
                0x00000000402036bc       0x28 ./build/program.a(main.o)
                                         0x38 (size before relaxing)
                0x00000000402036bc                xPortGetFreeHeapSize
 .text.xTaskGenericCreate
                0x00000000402036e4       0x15 ./build/program.a(main.o)
                                         0x19 (size before relaxing)
                0x00000000402036e4                xTaskGenericCreate
 *fill*         0x00000000402036f9        0x3 
 .text.xQueueGenericReceive
                0x00000000402036fc       0x1e ./build/program.a(main.o)
                                         0x2d (size before relaxing)
                0x0000000040203700                xQueueGenericReceive
 *fill*         0x000000004020371a        0x2 
 .text.user_init
                0x000000004020371c       0xc0 ./build/program.a(main.o)
                                         0xfc (size before relaxing)
                0x000000004020373c                user_init
 .text.mcast_audio
                0x00000000402037dc       0x39 ./build/program.a(mcast_recv.o)
                                         0x49 (size before relaxing)
 *fill*         0x0000000040203815        0x3 
 .text.connect_mcast
                0x0000000040203818      0x16e ./build/program.a(mcast_recv.o)
                                        0x1c2 (size before relaxing)
                0x0000000040203840                connect_mcast
 *fill*         0x0000000040203986        0x2 
 .text.disconnect_udp
                0x0000000040203988       0x3f ./build/program.a(mcast_recv.o)
                                         0x5f (size before relaxing)
                0x000000004020398c                disconnect_udp
 *fill*         0x00000000402039c7        0x1 
 .text.Mp3WriteRegister
                0x00000000402039c8       0xb8 ./build/program.a(mp3_decoder.o)
                                         0xcc (size before relaxing)
 .text.configureMp3
                0x0000000040203a80       0xb4 ./build/program.a(mp3_decoder.o)
                                        0x10c (size before relaxing)
                0x0000000040203a88                configureMp3
 .text.wifi_config_station_connect
                0x0000000040203b34      0x105 ./build/wifi_config.a(wifi_config.o)
                                        0x15d (size before relaxing)
 *fill*         0x0000000040203c39        0x3 
 .text.wifi_config_softap_start
                0x0000000040203c3c      0x177 ./build/wifi_config.a(wifi_config.o)
                                        0x1fb (size before relaxing)
 *fill*         0x0000000040203db3        0x1 
 .text.wifi_scan_task
                0x0000000040203db4       0x80 ./build/wifi_config.a(wifi_config.o)
                                         0xb4 (size before relaxing)
 .text.dns_task
                0x0000000040203e34      0x1b8 ./build/wifi_config.a(wifi_config.o)
                                        0x220 (size before relaxing)
 .text.client_send_chunk
                0x0000000040203fec       0x57 ./build/wifi_config.a(wifi_config.o)
                                         0x77 (size before relaxing)
 *fill*         0x0000000040204043        0x1 
 .text.client_send_redirect
                0x0000000040204044       0x5b ./build/wifi_config.a(wifi_config.o)
                                         0x6f (size before relaxing)
 *fill*         0x000000004020409f        0x1 
 .text.wifi_config_server_on_message_complete
                0x00000000402040a0      0x1ce ./build/wifi_config.a(wifi_config.o)
                                        0x27a (size before relaxing)
 *fill*         0x000000004020426e        0x2 
 .text.wifi_config_server_on_body
                0x0000000040204270       0x4a ./build/wifi_config.a(wifi_config.o)
                                         0x56 (size before relaxing)
 *fill*         0x00000000402042ba        0x2 
 .text.wifi_config_server_on_url
                0x00000000402042bc       0x9a ./build/wifi_config.a(wifi_config.o)
                                         0xba (size before relaxing)
 *fill*         0x0000000040204356        0x2 
 .text.http_task
                0x0000000040204358      0x1e2 ./build/wifi_config.a(wifi_config.o)
                                        0x292 (size before relaxing)
 *fill*         0x000000004020453a        0x2 
 .text.wifi_config_sta_connect_timeout_callback
                0x000000004020453c       0xc6 ./build/wifi_config.a(wifi_config.o)
                                        0x11e (size before relaxing)
 *fill*         0x0000000040204602        0x2 
 .text.wifi_scan_done_cb
                0x0000000040204604       0xeb ./build/wifi_config.a(wifi_config.o)
                                        0x113 (size before relaxing)
 *fill*         0x00000000402046ef        0x1 
 .text.wifi_config_init
                0x00000000402046f0       0xd0 ./build/wifi_config.a(wifi_config.o)
                                        0x10c (size before relaxing)
                0x00000000402046f8                wifi_config_init
 .text.ishex$2278
                0x00000000402047c0       0x43 ./build/wifi_config.a(form_urlencoded.o)
                                         0x4b (size before relaxing)
 *fill*         0x0000000040204803        0x1 
 .text.hexvalue$2283
                0x0000000040204804       0x37 ./build/wifi_config.a(form_urlencoded.o)
                                         0x3f (size before relaxing)
 *fill*         0x000000004020483b        0x1 
 .text.url_unescape
                0x000000004020483c      0x122 ./build/wifi_config.a(form_urlencoded.o)
                                        0x13e (size before relaxing)
                0x000000004020483c                url_unescape
 *fill*         0x000000004020495e        0x2 
 .text.form_params_parse
                0x0000000040204960       0xe8 ./build/wifi_config.a(form_urlencoded.o)
                                         0xf4 (size before relaxing)
                0x0000000040204960                form_params_parse
 .text.form_params_find
                0x0000000040204a48       0x35 ./build/wifi_config.a(form_urlencoded.o)
                0x0000000040204a4c                form_params_find
 *fill*         0x0000000040204a7d        0x3 
 .text.form_params_free
                0x0000000040204a80       0x43 ./build/wifi_config.a(form_urlencoded.o)
                                         0x4f (size before relaxing)
                0x0000000040204a80                form_params_free
 *fill*         0x0000000040204ac3        0x1 
 .text.prvCopyDataToQueue
                0x0000000040204ac4       0xa7 ./build/freertos.a(queue.o)
                                         0xb3 (size before relaxing)
 *fill*         0x0000000040204b6b        0x1 
 .text.prvCopyDataFromQueue
                0x0000000040204b6c       0x2b ./build/freertos.a(queue.o)
                                         0x2f (size before relaxing)
 *fill*         0x0000000040204b97        0x1 
 .text.prvUnlockQueue
                0x0000000040204b98       0xc4 ./build/freertos.a(queue.o)
                                         0xec (size before relaxing)
 .text.xQueueGenericReset
                0x0000000040204c5c       0x85 ./build/freertos.a(queue.o)
                                         0xa5 (size before relaxing)
                0x0000000040204c60                xQueueGenericReset
 *fill*         0x0000000040204ce1        0x3 
 .text.xQueueGenericCreate
                0x0000000040204ce4       0x6c ./build/freertos.a(queue.o)
                                         0x80 (size before relaxing)
                0x0000000040204ce4                xQueueGenericCreate
 .text.xQueueGenericSend
                0x0000000040204d50      0x17e ./build/freertos.a(queue.o)
                                        0x20e (size before relaxing)
                0x0000000040204d54                xQueueGenericSend
 *fill*         0x0000000040204ece        0x2 
 .text.xQueueCreateMutex
                0x0000000040204ed0       0x31 ./build/freertos.a(queue.o)
                                         0x3d (size before relaxing)
                0x0000000040204ed0                xQueueCreateMutex
 *fill*         0x0000000040204f01        0x3 
 .text.xQueueGiveMutexRecursive
                0x0000000040204f04       0x4b ./build/freertos.a(queue.o)
                                         0x5f (size before relaxing)
                0x0000000040204f04                xQueueGiveMutexRecursive
 *fill*         0x0000000040204f4f        0x1 
 .text.xQueueGenericSendFromISR
                0x0000000040204f50       0xc3 ./build/freertos.a(queue.o)
                                         0xf3 (size before relaxing)
                0x0000000040204f50                xQueueGenericSendFromISR
 *fill*         0x0000000040205013        0x1 
 .text.xQueueReceive
                0x0000000040205014      0x171 ./build/freertos.a(queue.o)
                                        0x209 (size before relaxing)
                0x0000000040205014                xQueueReceive
 *fill*         0x0000000040205185        0x3 
 .text.xQueueSemaphoreTake
                0x0000000040205188      0x1c4 ./build/freertos.a(queue.o)
                                        0x27c (size before relaxing)
                0x0000000040205188                xQueueSemaphoreTake
 .text.xQueueTakeMutexRecursive
                0x000000004020534c       0x53 ./build/freertos.a(queue.o)
                                         0x63 (size before relaxing)
                0x000000004020534c                xQueueTakeMutexRecursive
 *fill*         0x000000004020539f        0x1 
 .text.uxQueueMessagesWaiting
                0x00000000402053a0       0x30 ./build/freertos.a(queue.o)
                                         0x44 (size before relaxing)
                0x00000000402053a0                uxQueueMessagesWaiting
 .text.uxQueueMessagesWaitingFromISR
                0x00000000402053d0       0x26 ./build/freertos.a(queue.o)
                                         0x2e (size before relaxing)
                0x00000000402053d0                uxQueueMessagesWaitingFromISR
 *fill*         0x00000000402053f6        0x2 
 .text.vQueueDelete
                0x00000000402053f8       0x2d ./build/freertos.a(queue.o)
                                         0x35 (size before relaxing)
                0x00000000402053fc                vQueueDelete
 *fill*         0x0000000040205425        0x3 
 .text.vQueueWaitForMessageRestricted
                0x0000000040205428       0x6f ./build/freertos.a(queue.o)
                                         0x7f (size before relaxing)
                0x0000000040205428                vQueueWaitForMessageRestricted
 *fill*         0x0000000040205497        0x1 
 .text.prvResetNextTaskUnblockTime
                0x0000000040205498       0x39 ./build/freertos.a(tasks.o)
 *fill*         0x00000000402054d1        0x3 
 .text.prvAddCurrentTaskToDelayedList
                0x00000000402054d4       0xa4 ./build/freertos.a(tasks.o)
                                         0xc4 (size before relaxing)
 .text.prvIdleTask
                0x0000000040205578       0x7b ./build/freertos.a(tasks.o)
                                         0x9f (size before relaxing)
 *fill*         0x00000000402055f3        0x1 
 .text.xTaskCreate
                0x00000000402055f4      0x23d ./build/freertos.a(tasks.o)
                                        0x2bd (size before relaxing)
                0x0000000040205624                xTaskCreate
 *fill*         0x0000000040205831        0x3 
 .text.vTaskDelete
                0x0000000040205834       0xcd ./build/freertos.a(tasks.o)
                                        0x121 (size before relaxing)
                0x0000000040205838                vTaskDelete
 *fill*         0x0000000040205901        0x3 
 .text.vTaskStartScheduler
                0x0000000040205904       0xa0 ./build/freertos.a(tasks.o)
                                         0xd3 (size before relaxing)
                0x000000004020591c                vTaskStartScheduler
 *fill*         0x00000000402059a4        0x0 
 .text.vTaskSuspendAll
                0x00000000402059a4       0x11 ./build/freertos.a(tasks.o)
                                         0x15 (size before relaxing)
                0x00000000402059a4                vTaskSuspendAll
 *fill*         0x00000000402059b5        0x3 
 .text.xTaskGetTickCount
                0x00000000402059b8       0x27 ./build/freertos.a(tasks.o)
                                         0x33 (size before relaxing)
                0x00000000402059b8                xTaskGetTickCount
 *fill*         0x00000000402059df        0x1 
 .text.xTaskIncrementTick
                0x00000000402059e0      0x127 ./build/freertos.a(tasks.o)
                                        0x167 (size before relaxing)
                0x00000000402059ec                xTaskIncrementTick
 *fill*         0x0000000040205b07        0x1 
 .text.xTaskResumeAll
                0x0000000040205b08       0xf7 ./build/freertos.a(tasks.o)
                                        0x147 (size before relaxing)
                0x0000000040205b10                xTaskResumeAll
 *fill*         0x0000000040205bff        0x1 
 .text.vTaskDelay
                0x0000000040205c00       0x50 ./build/freertos.a(tasks.o)
                                         0x74 (size before relaxing)
                0x0000000040205c00                vTaskDelay
 .text.vTaskSwitchContext
                0x0000000040205c50       0xea ./build/freertos.a(tasks.o)
                                        0x10a (size before relaxing)
                0x0000000040205c5c                vTaskSwitchContext
 *fill*         0x0000000040205d3a        0x2 
 .text.vTaskPlaceOnEventList
                0x0000000040205d3c       0x41 ./build/freertos.a(tasks.o)
                                         0x5d (size before relaxing)
                0x0000000040205d40                vTaskPlaceOnEventList
 *fill*         0x0000000040205d7d        0x3 
 .text.vTaskPlaceOnEventListRestricted
                0x0000000040205d80       0x4a ./build/freertos.a(tasks.o)
                                         0x66 (size before relaxing)
                0x0000000040205d84                vTaskPlaceOnEventListRestricted
 *fill*         0x0000000040205dca        0x2 
 .text.xTaskRemoveFromEventList
                0x0000000040205dcc       0x87 ./build/freertos.a(tasks.o)
                                         0xcb (size before relaxing)
                0x0000000040205dd0                xTaskRemoveFromEventList
 *fill*         0x0000000040205e53        0x1 
 .text.vTaskInternalSetTimeOutState
                0x0000000040205e54       0x16 ./build/freertos.a(tasks.o)
                                         0x1e (size before relaxing)
                0x0000000040205e54                vTaskInternalSetTimeOutState
 *fill*         0x0000000040205e6a        0x2 
 .text.xTaskCheckForTimeOut
                0x0000000040205e6c       0x99 ./build/freertos.a(tasks.o)
                                         0xb9 (size before relaxing)
                0x0000000040205e74                xTaskCheckForTimeOut
 *fill*         0x0000000040205f05        0x3 
 .text.vTaskMissedYield
                0x0000000040205f08        0xc ./build/freertos.a(tasks.o)
                                         0x10 (size before relaxing)
                0x0000000040205f08                vTaskMissedYield
 .text.uxTaskGetStackHighWaterMark
                0x0000000040205f14       0x2c ./build/freertos.a(tasks.o)
                                         0x30 (size before relaxing)
                0x0000000040205f14                uxTaskGetStackHighWaterMark
 .text.xTaskGetCurrentTaskHandle
                0x0000000040205f40        0xa ./build/freertos.a(tasks.o)
                                          0xe (size before relaxing)
                0x0000000040205f40                xTaskGetCurrentTaskHandle
 *fill*         0x0000000040205f4a        0x2 
 .text.xTaskGetSchedulerState
                0x0000000040205f4c       0x1e ./build/freertos.a(tasks.o)
                                         0x26 (size before relaxing)
                0x0000000040205f4c                xTaskGetSchedulerState
 *fill*         0x0000000040205f6a        0x2 
 .text.xTaskPriorityInherit
                0x0000000040205f6c       0xaa ./build/freertos.a(tasks.o)
                                         0xc2 (size before relaxing)
                0x0000000040205f6c                xTaskPriorityInherit
 *fill*         0x0000000040206016        0x2 
 .text.xTaskPriorityDisinherit
                0x0000000040206018       0x92 ./build/freertos.a(tasks.o)
                                         0xbe (size before relaxing)
                0x0000000040206020                xTaskPriorityDisinherit
 *fill*         0x00000000402060aa        0x2 
 .text.vTaskPriorityDisinheritAfterTimeout
                0x00000000402060ac       0xb3 ./build/freertos.a(tasks.o)
                                         0xd3 (size before relaxing)
                0x00000000402060b4                vTaskPriorityDisinheritAfterTimeout
 *fill*         0x000000004020615f        0x1 
 .text.pvTaskIncrementMutexHeldCount
                0x0000000040206160       0x1f ./build/freertos.a(tasks.o)
                                         0x23 (size before relaxing)
                0x0000000040206160                pvTaskIncrementMutexHeldCount
 *fill*         0x000000004020617f        0x1 
 .text.xTaskNotifyWait
                0x0000000040206180       0xdf ./build/freertos.a(tasks.o)
                                         0xff (size before relaxing)
                0x0000000040206180                xTaskNotifyWait
 *fill*         0x000000004020625f        0x1 
 .text.xTaskGenericNotify
                0x0000000040206260       0xef ./build/freertos.a(tasks.o)
                                        0x123 (size before relaxing)
                0x0000000040206268                xTaskGenericNotify
 *fill*         0x000000004020634f        0x1 
 .text.xTaskGenericNotifyFromISR
                0x0000000040206350      0x139 ./build/freertos.a(tasks.o)
                                        0x17d (size before relaxing)
                0x000000004020635c                xTaskGenericNotifyFromISR
 *fill*         0x0000000040206489        0x3 
 .text.prvCheckForValidListAndQueue
                0x000000004020648c       0x69 ./build/freertos.a(timers.o)
                                         0x89 (size before relaxing)
 *fill*         0x00000000402064f5        0x3 
 .text.prvInsertTimerInActiveList
                0x00000000402064f8       0x45 ./build/freertos.a(timers.o)
                                         0x59 (size before relaxing)
 *fill*         0x000000004020653d        0x3 
 .text.xTimerCreateTimerTask
                0x0000000040206540       0x49 ./build/freertos.a(timers.o)
                                         0x61 (size before relaxing)
                0x0000000040206550                xTimerCreateTimerTask
 *fill*         0x0000000040206589        0x3 
 .text.xTimerCreate
                0x000000004020658c       0x59 ./build/freertos.a(timers.o)
                                         0x75 (size before relaxing)
                0x000000004020658c                xTimerCreate
 *fill*         0x00000000402065e5        0x3 
 .text.xTimerGenericCommand
                0x00000000402065e8       0x7f ./build/freertos.a(timers.o)
                                         0x9f (size before relaxing)
                0x00000000402065e8                xTimerGenericCommand
 *fill*         0x0000000040206667        0x1 
 .text.prvSwitchTimerLists
                0x0000000040206668       0x80 ./build/freertos.a(timers.o)
                                         0xa6 (size before relaxing)
 *fill*         0x00000000402066e8        0x0 
 .text.prvTimerTask
                0x00000000402066e8      0x1bb ./build/freertos.a(timers.o)
                                        0x253 (size before relaxing)
 *fill*         0x00000000402068a3        0x1 
 .text.pvTimerGetTimerID
                0x00000000402068a4       0x2d ./build/freertos.a(timers.o)
                                         0x41 (size before relaxing)